###### Enumerated Output ######


# Domains 
sequence 1 = : 6
sequence 2 = : 6
sequence 3 = : 6
sequence 4 = : 12
sequence 5 = : 6
sequence 6 = : 12
sequence 7 = : 6


# End-state Complexes 
10933
7* 6* 5* 1 2 3 + 6 7
((....+))

10952
7* 6* 5* 1 2 3 + 3* 2* 1* 5 6
.(((((+)))))

C2
7* 6* 5* 1 2 3 + 5 6
.((...+))

Cat
6 7
..

10947
1 2 3 4
....

C1
1 2 3 4 + 3* 2* 1* 5 6
(((.+)))..

10934
5 6
..

###############################


# Fast (Transition) Complexes 
10956
7* 6* 5* 1 2 3 + 1 2 3 4 + 3* 2* 1* 5 6
.((...+(((.+)))))

10948
7* 6* 5* 1 2 3 + 1 2 3 4 + 3* 2* 1* 5 6 + 6 7
(((...+(((.+)))))+.)

10938
7* 6* 5* 1 2 3 + 1 2 3 4 + 3* 2* 1* 5 6 + 6 7
(((...+(((.+)))).+))

10949
7* 6* 5* 1 2 3 + 3* 2* 1* 5 6 + 6 7
((((((+)))))+.)

10946
7* 6* 5* 1 2 3 + 3* 2* 1* 5 6 + 6 7
((((((+)))).+))

10927
7* 6* 5* 1 2 3 + 5 6 + 6 7
(((...+))+.)

10931
7* 6* 5* 1 2 3 + 5 6 + 6 7
(((...+).+))

###############################


# Reactions 
10933 + C1 -> 10938 
10933 + 10934 -> 10931 
10952 + Cat -> 10949 
C2 + Cat -> 10927 
10956 -> 10952 + 10947 
10948 -> 10938 
10948 -> 10949 + 10947 
10938 -> 10948 
10938 -> 10946 + 10947 
10949 -> 10946 
10946 -> 10949 
10927 -> 10931 
10931 -> 10927 
10948 -> 10956 + Cat 
10938 -> 10933 + C1 
10949 -> 10952 + Cat 
10927 -> C2 + Cat 
10931 -> 10933 + 10934 
