{
    "reactions": [
        {
            "reactants": [
                "C2", 
                "Cat"
            ], 
            "products": [
                "8332"
            ], 
            "name": "bind21"
        }, 
        {
            "reactants": [
                "8332"
            ], 
            "products": [
                "C2", 
                "Cat"
            ], 
            "name": "open"
        }, 
        {
            "reactants": [
                "8332"
            ], 
            "products": [
                "8336"
            ], 
            "name": "branch_3way"
        }, 
        {
            "reactants": [
                "8336"
            ], 
            "products": [
                "8338", 
                "8339"
            ], 
            "name": "open"
        }, 
        {
            "reactants": [
                "8336"
            ], 
            "products": [
                "8332"
            ], 
            "name": "branch_3way"
        }, 
        {
            "reactants": [
                "8338", 
                "C1"
            ], 
            "products": [
                "8343"
            ], 
            "name": "bind21"
        }, 
        {
            "reactants": [
                "8338", 
                "8339"
            ], 
            "products": [
                "8336"
            ], 
            "name": "bind21"
        }, 
        {
            "reactants": [
                "8343"
            ], 
            "products": [
                "8338", 
                "C1"
            ], 
            "name": "open"
        }, 
        {
            "reactants": [
                "8343"
            ], 
            "products": [
                "8353"
            ], 
            "name": "branch_3way"
        }, 
        {
            "reactants": [
                "8343"
            ], 
            "products": [
                "8351", 
                "8352"
            ], 
            "name": "branch_3way"
        }, 
        {
            "reactants": [
                "8351"
            ], 
            "products": [
                "8354"
            ], 
            "name": "branch_3way"
        }, 
        {
            "reactants": [
                "8354"
            ], 
            "products": [
                "8357", 
                "Cat"
            ], 
            "name": "open"
        }, 
        {
            "reactants": [
                "8354"
            ], 
            "products": [
                "8351"
            ], 
            "name": "branch_3way"
        }, 
        {
            "reactants": [
                "8353"
            ], 
            "products": [
                "8361", 
                "Cat"
            ], 
            "name": "open"
        }, 
        {
            "reactants": [
                "8353"
            ], 
            "products": [
                "8343"
            ], 
            "name": "branch_3way"
        }, 
        {
            "reactants": [
                "8353"
            ], 
            "products": [
                "8354", 
                "8352"
            ], 
            "name": "branch_3way"
        }, 
        {
            "reactants": [
                "8361"
            ], 
            "products": [
                "8357", 
                "8352"
            ], 
            "name": "branch_3way"
        }, 
        {
            "reactants": [
                "8357", 
                "Cat"
            ], 
            "products": [
                "8354"
            ], 
            "name": "bind21"
        }
    ], 
    "strands": [
        {
            "domains": [
                "7*", 
                "6*", 
                "5*", 
                "1", 
                "2", 
                "3"
            ], 
            "name": "BS"
        }, 
        {
            "domains": [
                "3*", 
                "2*", 
                "1*", 
                "5", 
                "6"
            ], 
            "name": "PS"
        }, 
        {
            "domains": [
                "6", 
                "7"
            ], 
            "name": "Cat"
        }, 
        {
            "domains": [
                "5", 
                "6"
            ], 
            "name": "SP"
        }, 
        {
            "domains": [
                "1", 
                "2", 
                "3", 
                "4"
            ], 
            "name": "OP"
        }
    ], 
    "resting_complexes": [
        {
            "dot-paren-full": "..................", 
            "dot-paren": "..", 
            "strands": [
                "Cat"
            ], 
            "name": "Cat", 
            "structure": [
                [
                    null, 
                    null
                ]
            ]
        }, 
        {
            "dot-paren-full": "((((((((((((((((((............+))))))))))))))))))..................", 
            "dot-paren": "(((.+)))..", 
            "strands": [
                "OP", 
                "PS"
            ], 
            "name": "C1", 
            "structure": [
                [
                    [
                        1, 
                        2
                    ], 
                    [
                        1, 
                        1
                    ], 
                    [
                        1, 
                        0
                    ], 
                    null
                ], 
                [
                    [
                        0, 
                        2
                    ], 
                    [
                        0, 
                        1
                    ], 
                    [
                        0, 
                        0
                    ], 
                    null, 
                    null
                ]
            ]
        }, 
        {
            "dot-paren-full": "......((((((((((((((((((..................+))))))))))))))))))", 
            "dot-paren": ".((...+))", 
            "strands": [
                "BS", 
                "SP"
            ], 
            "name": "C2", 
            "structure": [
                [
                    null, 
                    [
                        1, 
                        1
                    ], 
                    [
                        1, 
                        0
                    ], 
                    null, 
                    null, 
                    null
                ], 
                [
                    [
                        0, 
                        2
                    ], 
                    [
                        0, 
                        1
                    ]
                ]
            ]
        }, 
        {
            "dot-paren-full": "..................", 
            "dot-paren": "..", 
            "strands": [
                "SP"
            ], 
            "name": "8339", 
            "structure": [
                [
                    null, 
                    null
                ]
            ]
        }, 
        {
            "dot-paren-full": "((((((((((((((((((........................+))))))))))))))))))", 
            "dot-paren": "((....+))", 
            "strands": [
                "BS", 
                "Cat"
            ], 
            "name": "8338", 
            "structure": [
                [
                    [
                        1, 
                        1
                    ], 
                    [
                        1, 
                        0
                    ], 
                    null, 
                    null, 
                    null, 
                    null
                ], 
                [
                    [
                        0, 
                        1
                    ], 
                    [
                        0, 
                        0
                    ]
                ]
            ]
        }, 
        {
            "dot-paren-full": "..............................", 
            "dot-paren": "....", 
            "strands": [
                "OP"
            ], 
            "name": "8352", 
            "structure": [
                [
                    null, 
                    null, 
                    null, 
                    null
                ]
            ]
        }, 
        {
            "dot-paren-full": "......((((((((((((((((((((((((((((((((((((+))))))))))))))))))))))))))))))))))))", 
            "dot-paren": ".(((((+)))))", 
            "strands": [
                "BS", 
                "PS"
            ], 
            "name": "8357", 
            "structure": [
                [
                    null, 
                    [
                        1, 
                        4
                    ], 
                    [
                        1, 
                        3
                    ], 
                    [
                        1, 
                        2
                    ], 
                    [
                        1, 
                        1
                    ], 
                    [
                        1, 
                        0
                    ]
                ], 
                [
                    [
                        0, 
                        5
                    ], 
                    [
                        0, 
                        4
                    ], 
                    [
                        0, 
                        3
                    ], 
                    [
                        0, 
                        2
                    ], 
                    [
                        0, 
                        1
                    ]
                ]
            ]
        }
    ], 
    "initial_complexes": [
        {
            "dot-paren-full": "..................", 
            "dot-paren": "..", 
            "strands": [
                "Cat"
            ], 
            "name": "Cat", 
            "structure": [
                [
                    null, 
                    null
                ]
            ]
        }, 
        {
            "dot-paren-full": "((((((((((((((((((............+))))))))))))))))))..................", 
            "dot-paren": "(((.+)))..", 
            "strands": [
                "OP", 
                "PS"
            ], 
            "name": "C1", 
            "structure": [
                [
                    [
                        1, 
                        2
                    ], 
                    [
                        1, 
                        1
                    ], 
                    [
                        1, 
                        0
                    ], 
                    null
                ], 
                [
                    [
                        0, 
                        2
                    ], 
                    [
                        0, 
                        1
                    ], 
                    [
                        0, 
                        0
                    ], 
                    null, 
                    null
                ]
            ]
        }, 
        {
            "dot-paren-full": "......((((((((((((((((((..................+))))))))))))))))))", 
            "dot-paren": ".((...+))", 
            "strands": [
                "BS", 
                "SP"
            ], 
            "name": "C2", 
            "structure": [
                [
                    null, 
                    [
                        1, 
                        1
                    ], 
                    [
                        1, 
                        0
                    ], 
                    null, 
                    null, 
                    null
                ], 
                [
                    [
                        0, 
                        2
                    ], 
                    [
                        0, 
                        1
                    ]
                ]
            ]
        }
    ], 
    "resting_states": [
        {
            "complexes": [
                "C2"
            ], 
            "name": "C2"
        }, 
        {
            "complexes": [
                "C1"
            ], 
            "name": "C1"
        }, 
        {
            "complexes": [
                "Cat"
            ], 
            "name": "Cat"
        }, 
        {
            "complexes": [
                "8338"
            ], 
            "name": "8338"
        }, 
        {
            "complexes": [
                "8339"
            ], 
            "name": "8339"
        }, 
        {
            "complexes": [
                "8357"
            ], 
            "name": "8357"
        }, 
        {
            "complexes": [
                "8352"
            ], 
            "name": "8352"
        }
    ], 
    "domains": [
        {
            "length": 12, 
            "name": "6*", 
            "is_complement": true
        }, 
        {
            "length": 12, 
            "name": "6", 
            "is_complement": false
        }, 
        {
            "length": 6, 
            "name": "7*", 
            "is_complement": true
        }, 
        {
            "length": 6, 
            "name": "1", 
            "is_complement": false
        }, 
        {
            "length": 6, 
            "name": "3*", 
            "is_complement": true
        }, 
        {
            "length": 6, 
            "name": "3", 
            "is_complement": false
        }, 
        {
            "length": 6, 
            "name": "2", 
            "is_complement": false
        }, 
        {
            "length": 12, 
            "name": "4*", 
            "is_complement": true
        }, 
        {
            "length": 12, 
            "name": "4", 
            "is_complement": false
        }, 
        {
            "length": 6, 
            "name": "7", 
            "is_complement": false
        }, 
        {
            "length": 6, 
            "name": "5*", 
            "is_complement": true
        }, 
        {
            "length": 6, 
            "name": "5", 
            "is_complement": false
        }, 
        {
            "length": 6, 
            "name": "1*", 
            "is_complement": true
        }, 
        {
            "length": 6, 
            "name": "2*", 
            "is_complement": true
        }
    ], 
    "transient_complexes": [
        {
            "dot-paren-full": "((((((((((((((((((((((((..................+))))))))))))))))))+............))))))", 
            "dot-paren": "(((...+))+.)", 
            "strands": [
                "BS", 
                "SP", 
                "Cat"
            ], 
            "name": "8332", 
            "structure": [
                [
                    [
                        2, 
                        1
                    ], 
                    [
                        1, 
                        1
                    ], 
                    [
                        1, 
                        0
                    ], 
                    null, 
                    null, 
                    null
                ], 
                [
                    [
                        0, 
                        2
                    ], 
                    [
                        0, 
                        1
                    ]
                ], 
                [
                    null, 
                    [
                        0, 
                        0
                    ]
                ]
            ]
        }, 
        {
            "dot-paren-full": "((((((((((((((((((((((((..................+))))))............+))))))))))))))))))", 
            "dot-paren": "(((...+).+))", 
            "strands": [
                "BS", 
                "SP", 
                "Cat"
            ], 
            "name": "8336", 
            "structure": [
                [
                    [
                        2, 
                        1
                    ], 
                    [
                        2, 
                        0
                    ], 
                    [
                        1, 
                        0
                    ], 
                    null, 
                    null, 
                    null
                ], 
                [
                    [
                        0, 
                        2
                    ], 
                    null
                ], 
                [
                    [
                        0, 
                        1
                    ], 
                    [
                        0, 
                        0
                    ]
                ]
            ]
        }, 
        {
            "dot-paren-full": "......((((((((((((((((((..................+((((((((((((((((((............+))))))))))))))))))))))))))))))))))))", 
            "dot-paren": ".((...+(((.+)))))", 
            "strands": [
                "BS", 
                "OP", 
                "PS"
            ], 
            "name": "8361", 
            "structure": [
                [
                    null, 
                    [
                        2, 
                        4
                    ], 
                    [
                        2, 
                        3
                    ], 
                    null, 
                    null, 
                    null
                ], 
                [
                    [
                        2, 
                        2
                    ], 
                    [
                        2, 
                        1
                    ], 
                    [
                        2, 
                        0
                    ], 
                    null
                ], 
                [
                    [
                        1, 
                        2
                    ], 
                    [
                        1, 
                        1
                    ], 
                    [
                        1, 
                        0
                    ], 
                    [
                        0, 
                        2
                    ], 
                    [
                        0, 
                        1
                    ]
                ]
            ]
        }, 
        {
            "dot-paren-full": "((((((((((((((((((((((((..................+((((((((((((((((((............+))))))))))))))))))))))))))))))))))))+............))))))", 
            "dot-paren": "(((...+(((.+)))))+.)", 
            "strands": [
                "BS", 
                "OP", 
                "PS", 
                "Cat"
            ], 
            "name": "8353", 
            "structure": [
                [
                    [
                        3, 
                        1
                    ], 
                    [
                        2, 
                        4
                    ], 
                    [
                        2, 
                        3
                    ], 
                    null, 
                    null, 
                    null
                ], 
                [
                    [
                        2, 
                        2
                    ], 
                    [
                        2, 
                        1
                    ], 
                    [
                        2, 
                        0
                    ], 
                    null
                ], 
                [
                    [
                        1, 
                        2
                    ], 
                    [
                        1, 
                        1
                    ], 
                    [
                        1, 
                        0
                    ], 
                    [
                        0, 
                        2
                    ], 
                    [
                        0, 
                        1
                    ]
                ], 
                [
                    null, 
                    [
                        0, 
                        0
                    ]
                ]
            ]
        }, 
        {
            "dot-paren-full": "((((((((((((((((((((((((..................+((((((((((((((((((............+))))))))))))))))))))))))............+))))))))))))))))))", 
            "dot-paren": "(((...+(((.+)))).+))", 
            "strands": [
                "BS", 
                "OP", 
                "PS", 
                "Cat"
            ], 
            "name": "8343", 
            "structure": [
                [
                    [
                        3, 
                        1
                    ], 
                    [
                        3, 
                        0
                    ], 
                    [
                        2, 
                        3
                    ], 
                    null, 
                    null, 
                    null
                ], 
                [
                    [
                        2, 
                        2
                    ], 
                    [
                        2, 
                        1
                    ], 
                    [
                        2, 
                        0
                    ], 
                    null
                ], 
                [
                    [
                        1, 
                        2
                    ], 
                    [
                        1, 
                        1
                    ], 
                    [
                        1, 
                        0
                    ], 
                    [
                        0, 
                        2
                    ], 
                    null
                ], 
                [
                    [
                        0, 
                        1
                    ], 
                    [
                        0, 
                        0
                    ]
                ]
            ]
        }, 
        {
            "dot-paren-full": "((((((((((((((((((((((((((((((((((((((((((+))))))))))))))))))))))))))))))))))))+............))))))", 
            "dot-paren": "((((((+)))))+.)", 
            "strands": [
                "BS", 
                "PS", 
                "Cat"
            ], 
            "name": "8354", 
            "structure": [
                [
                    [
                        2, 
                        1
                    ], 
                    [
                        1, 
                        4
                    ], 
                    [
                        1, 
                        3
                    ], 
                    [
                        1, 
                        2
                    ], 
                    [
                        1, 
                        1
                    ], 
                    [
                        1, 
                        0
                    ]
                ], 
                [
                    [
                        0, 
                        5
                    ], 
                    [
                        0, 
                        4
                    ], 
                    [
                        0, 
                        3
                    ], 
                    [
                        0, 
                        2
                    ], 
                    [
                        0, 
                        1
                    ]
                ], 
                [
                    null, 
                    [
                        0, 
                        0
                    ]
                ]
            ]
        }, 
        {
            "dot-paren-full": "((((((((((((((((((((((((((((((((((((((((((+))))))))))))))))))))))))............+))))))))))))))))))", 
            "dot-paren": "((((((+)))).+))", 
            "strands": [
                "BS", 
                "PS", 
                "Cat"
            ], 
            "name": "8351", 
            "structure": [
                [
                    [
                        2, 
                        1
                    ], 
                    [
                        2, 
                        0
                    ], 
                    [
                        1, 
                        3
                    ], 
                    [
                        1, 
                        2
                    ], 
                    [
                        1, 
                        1
                    ], 
                    [
                        1, 
                        0
                    ]
                ], 
                [
                    [
                        0, 
                        5
                    ], 
                    [
                        0, 
                        4
                    ], 
                    [
                        0, 
                        3
                    ], 
                    [
                        0, 
                        2
                    ], 
                    null
                ], 
                [
                    [
                        0, 
                        1
                    ], 
                    [
                        0, 
                        0
                    ]
                ]
            ]
        }
    ]
}