###### Enumerated Output ######


# Domains 
sequence 1 = : 12
sequence 2 = : 12
sequence 3 = : 6
sequence 4 = : 12
sequence 5 = : 6
sequence 6 = : 12


# End-state Complexes 
W
5* 4* 3* 2* + 2 3 4
.(((+)))

11
5* 4* 3* 2* + 1 2 + 4 5
((.(+.)+))

S
5* 4* 3* 2* + 1 2 + 6 3 4
.(((+.)+.))

C
4 5
..

F
2 3 4
...

OP
1 2
..

SB
6 3 4
...

###############################


# Fast (Transition) Complexes 
25
5* 4* 3* 2* + 2 3 4 + 4 5
((((+)))+.)

20
5* 4* 3* 2* + 2 3 4 + 4 5
((((+)).+))

23
5* 4* 3* 2* + 1 2 + 2 3 4
.(((+.)+.))

18
5* 4* 3* 2* + 1 2 + 2 3 4 + 4 5
((((+.)+.))+.)

15
5* 4* 3* 2* + 1 2 + 2 3 4 + 4 5
((((+.)+.).+))

7
5* 4* 3* 2* + 1 2 + 6 3 4 + 4 5
((((+.)+.))+.)

10
5* 4* 3* 2* + 1 2 + 6 3 4 + 4 5
((((+.)+.).+))

###############################


# Reactions 
W + C -> 25 
11 + F -> 15 
11 + SB -> 10 
S + C -> 7 
25 -> 20 
20 -> 25 
23 -> W + OP 
18 -> 25 + OP 
18 -> 15 
15 -> 20 + OP 
15 -> 18 
7 -> 10 
10 -> 7 
25 -> W + C 
18 -> 23 + C 
15 -> 11 + F 
7 -> S + C 
10 -> 11 + SB 
###############################


# Condensed Reactions 
11 + F -> W + C + OP 
11 + SB -> S + C 
S + C -> 11 + SB 
