###### Enumerated Output ######


# Domains 
sequence 1 = : 12
sequence 2 = : 6
sequence 3 = : 6
sequence 4 = : 12
sequence 5 = : 6


# End-state Complexes 
G1
1 4* + 3* 4 1* 1*
((+.)).

4
1 4* + 3* 4 1* 1* + 5 1 3
((+.))(+.).

G2
5 1 + 4 1* 5* 4
((+.)).

Out
5 1 3
...

###############################


# Fast (Transition) Complexes 
11
1 4* + 1 4* + 3* 4 1* 1* + 5 1 3 + 3* 4 1* 1*
((+((+.))(+.)(+))).

9
1 4* + 1 4* + 3* 4 1* 1* + 5 1 3 + 3* 4 1* 1* + 5 1 3
((+((+.))(+.)(+)))(+.).

5
1 4* + 5 1 3 + 3* 4 1* 1*
((+..(+))).

12
1 4* + 5 1 3 + 3* 4 1* 1* + 5 1 3
((+..(+)))(+.).

###############################


# Reactions 
G1 + 4 -> 11 
G1 + Out -> 5 
G1 + Out -> 4 
4 + 4 -> 9 
4 + 4 -> 9 
4 + Out -> 12 
11 -> G1 + 4 
9 -> 4 + 4 
5 -> G1 + Out 
12 -> 4 + Out 
###############################


# Condensed Reactions 
G1 + Out -> 4 
