###### Enumerated Output ######

# Domains 
sequence 1 = NNNNNNNNNNNN : 12
sequence 2 = NNNNNN : 6
sequence 3 = NNNNNN : 6
sequence 4 = NNNNNNNNNNNN : 12
sequence 5 = NNNNNN : 6

# Strands 
strand a1 = 1 4* 3
strand a2 = 1 4*
strand a3 = 5 1
strand a4 = 5 1 3
strand b1 = 3* 4 1* 1*
strand b2 = 4 1* 5* 4

# Resting-state Complexes 
structure 0 = a1 + a2 + b1 : (..+((+.)))
structure 6 = a2 : ..
structure 7 = a1 + b1 : (((+))).
structure 16 = a1 + a1 + b1 : (..+(((+))))
structure 23 = a2 + a2 + b1 : (.+((+.)))
structure 38 = a1 + b1 + a1 : (((+)))(+)..
structure 46 = a1 + b1 + a2 : (((+)))(+).
structure G1 = a2 + b1 : ((+.)).
structure In = a1 : ...

# Transient Complexes 
structure 1 = a1 + b1 + a2 : ..(+)((.+))
structure 8 = a1 + b1 + a1 + a2 + a2 + b1 : (.(+)(((+)..+))+((+.)))
structure 9 = a1 + a2 + a2 + b1 + a1 + b1 : (..+((+((+.))(+).(+))))
structure 10 = a1 + b1 + a2 + a2 + b1 : (.(+)((.+))+((+.)))
structure 11 = a1 + a2 + a1 + b1 : (..+((+..(+))))
structure 20 = a1 + b1 + a2 + a2 + b1 : (((+))(.+).+((+.)))
structure 27 = a1 + a2 + a2 + b1 + a1 + b1 : (..+(.+((+.))(+)((+))))
structure 34 = a1 + b1 + a1 + a2 + a2 + b1 : (((+))((+)..+).+((+.)))
structure 39 = a1 + b1 + a1 + b1 + a2 : (((+)))(+).(+)((.+))
structure 40 = a1 + b1 + a1 + b1 + a1 + a2 : (((+)))(+).(+)(((+)..+))
structure 43 = a1 + b1 + a1 + b1 + a1 + a2 : (((+)))(+)((+))((+)..+).
structure 50 = a1 + b1 + a1 + b1 + a2 : (((+)))(+)((+))(.+).
structure 55 = a1 + b1 + a2 + a2 : ..(+)(((+).+))
structure 56 = a1 + b1 + a2 + a2 + a2 + b1 : (.(+)(((+).+))+((+.)))
structure 57 = a1 + b1 + a1 + b1 + a2 + a2 : (((+)))(+).(+)(((+).+))
structure 60 = a1 + b1 + a1 + b1 + a2 + a2 : (((+)))(+)((+))((+).+).
structure 67 = a1 + b1 + a2 + a2 + a2 + b1 : (((+))((+).+).+((+.)))
structure 78 = a1 + b1 + a2 + a1 + b1 : (.(+)((.+))+(((+))))
structure 79 = a1 + b1 + a1 + a2 + a1 + b1 : (.(+)(((+)..+))+(((+))))
structure 80 = a1 + b1 + a2 + a2 + a1 + b1 : (.(+)(((+).+))+(((+))))
structure 83 = a1 + b1 + a2 + a2 + a1 + b1 : (((+))((+).+).+(((+))))
structure 90 = a1 + b1 + a1 + a2 + a1 + b1 : (((+))((+)..+).+(((+))))
structure 97 = a1 + b1 + a2 + a1 + b1 : (((+))(.+).+(((+))))

# Detailed Reactions 
kinetic In + 0 -> 11 
kinetic In + 7 -> 38 
kinetic In + 23 -> 55 
kinetic In + G1 -> 0 
kinetic In + G1 -> 1 
kinetic 16 + 0 -> 79 
kinetic 16 + 23 -> 80 
kinetic 16 + G1 -> 78 
kinetic 0 + 0 -> 9 
kinetic 0 + 0 -> 8 
kinetic 0 + 38 -> 40 
kinetic 0 + 23 -> 56 
kinetic 0 + G1 -> 10 
kinetic 7 + 6 -> 46 
kinetic 38 + 23 -> 57 
kinetic 38 + G1 -> 39 
kinetic 6 + G1 -> 23 
kinetic 11 -> 16 + 6 
kinetic 27 -> 9 
kinetic 9 -> 27 
kinetic 79 -> 90 
kinetic 90 -> 79 
kinetic 8 -> 34 
kinetic 34 -> 8 
kinetic 40 -> 43 
kinetic 43 -> 40 
kinetic 39 -> 50 
kinetic 50 -> 39 
kinetic 57 -> 60 
kinetic 60 -> 57 
kinetic 1 -> 7 + 6 
kinetic 78 -> 97 
kinetic 97 -> 78 
kinetic 55 -> 46 + 6 
kinetic 80 -> 83 
kinetic 83 -> 80 
kinetic 56 -> 67 
kinetic 67 -> 56 
kinetic 10 -> 20 
kinetic 20 -> 10 
kinetic 27 -> 16 + 23 
kinetic 90 -> 38 + 46 
kinetic 34 -> 38 + 23 
kinetic 43 -> 38 + 46 
kinetic 50 -> 7 + 46 
kinetic 60 -> 46 + 46 
kinetic 97 -> 7 + 46 
kinetic 83 -> 46 + 46 
kinetic 67 -> 46 + 23 
kinetic 20 -> 7 + 23 
kinetic 11 -> In + 0 
kinetic 9 -> 0 + 0 
kinetic 79 -> 16 + 0 
kinetic 8 -> 0 + 0 
kinetic 40 -> 0 + 38 
kinetic 39 -> 38 + G1 
kinetic 57 -> 38 + 23 
kinetic 1 -> In + G1 
kinetic 78 -> 16 + G1 
kinetic 55 -> In + 23 
kinetic 80 -> 16 + 23 
kinetic 56 -> 0 + 23 
kinetic 10 -> 0 + G1 
