###### Enumerated Output ######


# Domains 
sequence 1 = : 12
sequence 2 = : 6
sequence 3 = : 6
sequence 4 = : 12
sequence 5 = : 6


# End-state Complexes 
G1toplong
1 5 4*
...

4
1 5 4* + 1 5 4* + 3* 4 1* 3* 1*
(..+(.(+.)).)

G1long
1 5 4* + 3* 4 1* 3* 1*
(.(+.))..

G1botlong
3* 4 1* 3* 1*
.....

###############################


# Fast (Transition) Complexes 
8
1 5 4* + 3* 4 1* 3* 1*
..(+.)...

6
1 5 4* + 3* 4 1* 3* 1*
(..+..)..

7
1 5 4* + 3* 4 1* 3* 1*
(..+....)

14
1 5 4* + 3* 4 1* 3* 1*
(.(+.)..)

9
1 5 4* + 3* 4 1* 3* 1* + 1 5 4* + 3* 4 1* 3* 1*
(.(+.)).(+).(+.)...

###############################


# Reactions 
8 -> G1long 
8 -> 14 
6 -> G1long 
7 -> 14 
G1toplong + G1long -> 4 
G1toplong + G1botlong -> 8 
G1toplong + G1botlong -> 6 
G1toplong + G1botlong -> 7 
4 + G1botlong -> 9 
14 -> G1long 
9 -> G1long + G1long 
###############################


# Condensed Reactions 
G1toplong + G1long -> 4 
G1toplong + G1botlong -> G1long 
4 + G1botlong -> G1long + G1long 
