###### Enumerated Output ######


# Domains 
sequence 1 = : 12
sequence 2 = : 6
sequence 3 = : 6
sequence 4 = : 12
sequence 5 = : 6


# End-state Complexes 
G1top
1 4*
..

4
1 4* + 1 4* + 3* 4 1* 1*
(.+((+.)))

G1
1 4* + 3* 4 1* 1*
((+.)).

G1bot
3* 4 1* 1*
....

###############################


# Fast (Transition) Complexes 
8
1 4* + 3* 4 1* 1*
.(+.)..

6
1 4* + 3* 4 1* 1*
(.+..).

7
1 4* + 3* 4 1* 1*
(.+...)

14
1 4* + 3* 4 1* 1*
((+.).)

9
1 4* + 3* 4 1* 1* + 1 4* + 3* 4 1* 1*
((+.))(+)(+.)..

###############################


# Reactions 
8 -> G1 
8 -> 14 
6 -> G1 
7 -> 14 
G1top + G1 -> 4 
G1top + G1bot -> 8 
G1top + G1bot -> 6 
G1top + G1bot -> 7 
4 + G1bot -> 9 
14 -> G1 
9 -> G1 + G1 
###############################


# Condensed Reactions 
G1top + G1 -> 4 
G1top + G1bot -> G1 
4 + G1bot -> G1 + G1 
