###### Enumerated Output ######


# Domains 
sequence 1 = : 12
sequence 2 = : 6
sequence 3 = : 6
sequence 4 = : 12
sequence 5 = : 6


# End-state Complexes 
In
1 4* 3
...

12
1 4* 3 + 1 4* 3 + 4 1* 5* 4
.(.+((.+)).)

4
1 4* 3 + 5 1 + 4 1* 5* 4
.(.+((+.)))

8
1 4* 3 + 4 1* 5* 4
((.+))..

7
5 1
..

G2
5 1 + 4 1* 5* 4
((+.)).

###############################


# Fast (Transition) Complexes 
15
1 4* 3 + 5 1 + 1 4* 3 + 4 1* 5* 4
.(.+(.+((.+))))

18
1 4* 3 + 5 1 + 1 4* 3 + 4 1* 5* 4
.(.+((+.(.+))))

3
1 4* 3 + 4 1* 5* 4 + 5 1
.(.+)((.+))

6
1 4* 3 + 4 1* 5* 4 + 5 1
((.+))(.+).

###############################


# Reactions 
In + 4 -> 18 
In + 8 -> 12 
In + G2 -> 4 
In + G2 -> 3 
12 + 7 -> 15 
8 + 7 -> 6 
15 -> 18 
18 -> 15 
3 -> 6 
6 -> 3 
15 -> 12 + 7 
6 -> 8 + 7 
###############################


# Condensed Reactions 
In + 4 -> 12 + 7 
In + 8 -> 12 
In + G2 -> 4 
In + G2 -> 8 + 7 
