###### Enumerated Output ######


# Domains 
sequence 1 = : 12
sequence 2 = : 6
sequence 3 = : 6
sequence 4 = : 12
sequence 5 = : 6


# End-state Complexes 
In
1 4* 3
...

532
1 4* 3 + 1 4* 3 + 3* 4 1* 1*
(..+(((+))))

35
1 4* 3 + 1 4* 3 + 4 1* 5* 4
.(.+((.+)).)

154
1 4* 3 + 1 4* 3 + 4 1* 5* 4 + 1 4* 3 + 3* 4 1* 1*
((.+((.+)).)+(((+))))

72
1 4* 3 + 1 4* 3 + 4 1* 5* 4 + 1 4* + 3* 4 1* 1*
((.+((.+)).)+((+.)))

6
1 4* 3 + 1 4* + 3* 4 1* 1*
(..+((+.)))

97
1 4* 3 + 1 4* + 4 1* 5* 4
.(.+((+)).)

367
1 4* 3 + 1 4* + 4 1* 5* 4 + 1 4* 3 + 3* 4 1* 1*
((.+((+)).)+(((+))))

301
1 4* 3 + 1 4* + 4 1* 5* 4 + 1 4* + 3* 4 1* 1*
((.+((+)).)+((+.)))

5
1 4* 3 + 5 1 + 4 1* 5* 4
.(.+((+.)))

451
1 4* 3 + 5 1 + 4 1* 5* 4 + 1 4* 3 + 3* 4 1* 1*
((.+((+.)))+(((+))))

399
1 4* 3 + 5 1 + 4 1* 5* 4 + 1 4* + 3* 4 1* 1*
((.+((+.)))+((+.)))

13
1 4* 3 + 3* 4 1* 1*
(((+))).

645
1 4* 3 + 3* 4 1* 1* + 1 4*
(((+)))(+).

239
1 4* 3 + 3* 4 1* 1* + 1 4* + 1 4* 3 + 4 1* 5* 4
(((+)))(+)(+((.+)).)

292
1 4* 3 + 3* 4 1* 1* + 1 4* + 1 4* + 4 1* 5* 4
(((+)))(+)(+((+)).)

488
1 4* 3 + 3* 4 1* 1* + 1 4* + 5 1 + 4 1* 5* 4
(((+)))(+)(+((+.)))

32
1 4* 3 + 3* 4 1* 1* + 5 1
(((+)))(+.)

20
1 4* 3 + 4 1* 5* 4
((.+))..

104
1 4* 3 + 4 1* 5* 4 + 1 4*
((.+)).(+.)

170
1 4* 3 + 4 1* 5* 4 + 1 4* + 3* 4 1* 1* + 1 4*
((.+)).(+((+.))(+))

12
1 4*
..

588
1 4* + 1 4* + 3* 4 1* 1*
(.+((+.)))

194
1 4* + 1 4* + 4 1* 5* 4
.(+((+)).)

252
1 4* + 1 4* + 4 1* 5* 4 + 1 4* + 3* 4 1* 1*
((+((+)).)+((+.)))

411
1 4* + 5 1 + 4 1* 5* 4
.(+((+.)))

462
1 4* + 5 1 + 4 1* 5* 4 + 1 4* + 3* 4 1* 1*
((+((+.)))+((+.)))

G1
1 4* + 3* 4 1* 1*
((+.)).

24
1 4* + 3* 4 1* 1* + 5 1
((+.))(+.)

57
1 4* + 4 1* 5* 4
((+))..

19
5 1
..

G2
5 1 + 4 1* 5* 4
((+.)).

###############################


# Fast (Transition) Complexes 
556
1 4* 3 + 1 4* 3 + 3* 4 1* 1* + 1 4* 3 + 1 4* + 4 1* 5* 4
.(.+(((+))((+)..+)(+)).)

501
1 4* 3 + 1 4* 3 + 3* 4 1* 1* + 1 4* 3 + 1 4* + 4 1* 5* 4
.(.+(((+)(((+)..+))+)).)

674
1 4* 3 + 1 4* 3 + 3* 4 1* 1* + 1 4* + 1 4* + 4 1* 5* 4
.(.+(((+))((+).+)(+)).)

617
1 4* 3 + 1 4* 3 + 3* 4 1* 1* + 1 4* + 1 4* + 4 1* 5* 4
.(.+(((+)(((+).+))+)).)

114
1 4* 3 + 1 4* 3 + 3* 4 1* 1* + 1 4* + 4 1* 5* 4
.(.+(((+))(.+)(+)).)

74
1 4* 3 + 1 4* 3 + 3* 4 1* 1* + 1 4* + 4 1* 5* 4
.(.+(((+)((.+))+)).)

90
1 4* 3 + 1 4* 3 + 3* 4 1* 1* + 5 1 + 1 4* + 4 1* 5* 4
.(.+(((+))((+.)+)(+)).)

77
1 4* 3 + 1 4* 3 + 3* 4 1* 1* + 5 1 + 1 4* + 4 1* 5* 4
.(.+(((+)(((+.)+))+)).)

137
1 4* 3 + 1 4* 3 + 4 1* 5* 4 + 1 4* + 1 4* 3 + 3* 4 1* 1*
((.+((.+)).)+((+..(+))))

496
1 4* 3 + 1 4* + 1 4* 3 + 3* 4 1* 1*
(..+((+..(+))))

746
1 4* 3 + 1 4* + 1 4* 3 + 3* 4 1* 1* + 1 4* 3 + 3* 4 1* 1*
(..+(.+(((+)))(+)((+))))

735
1 4* 3 + 1 4* + 1 4* 3 + 3* 4 1* 1* + 1 4* 3 + 3* 4 1* 1*
(..+((+(((+)))(+).(+))))

567
1 4* 3 + 1 4* + 1 4* 3 + 4 1* 5* 4 + 1 4* 3 + 3* 4 1* 1*
(..+((+((.+)).)+.((+))))

500
1 4* 3 + 1 4* + 1 4* 3 + 4 1* 5* 4 + 1 4* 3 + 3* 4 1* 1*
(..+((+((.+)).(+.)(+))))

606
1 4* 3 + 1 4* + 1 4* + 3* 4 1* 1* + 1 4* 3 + 3* 4 1* 1*
(..+(.+((+.))(+)((+))))

491
1 4* 3 + 1 4* + 1 4* + 3* 4 1* 1* + 1 4* 3 + 3* 4 1* 1*
(..+((+((+.))(+).(+))))

538
1 4* 3 + 1 4* + 1 4* + 4 1* 5* 4 + 1 4* 3 + 3* 4 1* 1*
(..+((+((+)).)+.((+))))

512
1 4* 3 + 1 4* + 1 4* + 4 1* 5* 4 + 1 4* 3 + 3* 4 1* 1*
(..+((+((+)).(+.)(+))))

530
1 4* 3 + 1 4* + 5 1 + 4 1* 5* 4 + 1 4* 3 + 3* 4 1* 1*
(..+((+((+.)))+.((+))))

517
1 4* 3 + 1 4* + 5 1 + 4 1* 5* 4 + 1 4* 3 + 3* 4 1* 1*
(..+((+((+.))(+.)(+))))

574
1 4* 3 + 1 4* + 4 1* 5* 4 + 1 4* 3 + 3* 4 1* 1*
(..+((+)(..+)((+))))

498
1 4* 3 + 1 4* + 4 1* 5* 4 + 1 4* 3 + 3* 4 1* 1*
(..+((+((..+))(+))))

545
1 4* 3 + 1 4* + 4 1* 5* 4 + 1 4* + 1 4* 3 + 3* 4 1* 1*
(..+((+)(.(+.)+)((+))))

507
1 4* 3 + 1 4* + 4 1* 5* 4 + 1 4* + 1 4* 3 + 3* 4 1* 1*
(..+((+((.(+.)+))(+))))

340
1 4* 3 + 1 4* + 4 1* 5* 4 + 1 4* + 1 4* 3 + 3* 4 1* 1*
((.+((+)).)+((+..(+))))

79
1 4* 3 + 5 1 + 1 4* 3 + 3* 4 1* 1* + 1 4* 3 + 4 1* 5* 4
.(.+((+(((+))))+((.+))))

82
1 4* 3 + 5 1 + 1 4* 3 + 3* 4 1* 1* + 1 4* 3 + 4 1* 5* 4
.(.+((+(((+)))(+)(.+))))

306
1 4* 3 + 5 1 + 1 4* 3 + 3* 4 1* 1* + 1 4* + 4 1* 5* 4
.(.+((+(((+))))+((+))))

312
1 4* 3 + 5 1 + 1 4* 3 + 3* 4 1* 1* + 1 4* + 4 1* 5* 4
.(.+((+(((+)))(+)(+))))

75
1 4* 3 + 5 1 + 1 4* 3 + 4 1* 5* 4
.(.+(.+((.+))))

110
1 4* 3 + 5 1 + 1 4* 3 + 4 1* 5* 4
.(.+((+.(.+))))

159
1 4* 3 + 5 1 + 1 4* 3 + 4 1* 5* 4 + 1 4* 3 + 3* 4 1* 1*
((.+(.+((.+))))+(((+))))

168
1 4* 3 + 5 1 + 1 4* 3 + 4 1* 5* 4 + 1 4* 3 + 3* 4 1* 1*
((.+((+.(.+))))+(((+))))

138
1 4* 3 + 5 1 + 1 4* 3 + 4 1* 5* 4 + 1 4* + 3* 4 1* 1*
((.+(.+((.+))))+((+.)))

148
1 4* 3 + 5 1 + 1 4* 3 + 4 1* 5* 4 + 1 4* + 3* 4 1* 1*
((.+((+.(.+))))+((+.)))

78
1 4* 3 + 5 1 + 1 4* + 3* 4 1* 1* + 1 4* 3 + 4 1* 5* 4
.(.+((+((+.)))+((.+))))

86
1 4* 3 + 5 1 + 1 4* + 3* 4 1* 1* + 1 4* 3 + 4 1* 5* 4
.(.+((+((+.))(+)(.+))))

305
1 4* 3 + 5 1 + 1 4* + 3* 4 1* 1* + 1 4* + 4 1* 5* 4
.(.+((+((+.)))+((+))))

316
1 4* 3 + 5 1 + 1 4* + 3* 4 1* 1* + 1 4* + 4 1* 5* 4
.(.+((+((+.))(+)(+))))

303
1 4* 3 + 5 1 + 1 4* + 4 1* 5* 4
.(.+(.+((+))))

327
1 4* 3 + 5 1 + 1 4* + 4 1* 5* 4
.(.+((+.(+))))

371
1 4* 3 + 5 1 + 1 4* + 4 1* 5* 4 + 1 4* 3 + 3* 4 1* 1*
((.+(.+((+))))+(((+))))

381
1 4* 3 + 5 1 + 1 4* + 4 1* 5* 4 + 1 4* 3 + 3* 4 1* 1*
((.+((+.(+))))+(((+))))

341
1 4* 3 + 5 1 + 1 4* + 4 1* 5* 4 + 1 4* + 3* 4 1* 1*
((.+(.+((+))))+((+.)))

361
1 4* 3 + 5 1 + 1 4* + 4 1* 5* 4 + 1 4* + 3* 4 1* 1*
((.+((+.(+))))+((+.)))

426
1 4* 3 + 5 1 + 4 1* 5* 4 + 1 4* + 1 4* 3 + 3* 4 1* 1*
((.+((+.)))+((+..(+))))

719
1 4* 3 + 3* 4 1* 1* + 1 4* 3 + 3* 4 1* 1* + 1 4*
(((+)))(+).(+)((.+))

760
1 4* 3 + 3* 4 1* 1* + 1 4* 3 + 3* 4 1* 1* + 1 4*
(((+)))(+)((+))(.+).

736
1 4* 3 + 3* 4 1* 1* + 1 4* 3 + 3* 4 1* 1* + 1 4* + 1 4*
(((+)))(+).(+)(((+).+))

739
1 4* 3 + 3* 4 1* 1* + 1 4* 3 + 3* 4 1* 1* + 1 4* + 1 4*
(((+)))(+)((+))((+).+).

720
1 4* 3 + 3* 4 1* 1* + 1 4* 3 + 3* 4 1* 1* + 5 1 + 1 4*
(((+)))(+).(+)(((+.)+))

753
1 4* 3 + 3* 4 1* 1* + 1 4* 3 + 3* 4 1* 1* + 5 1 + 1 4*
(((+)))(+)((+))((+.)+).

179
1 4* 3 + 3* 4 1* 1* + 1 4* 3 + 4 1* 5* 4 + 1 4* + 5 1
(((+)))(+)(.+)(((+.)+))

175
1 4* 3 + 3* 4 1* 1* + 1 4* 3 + 4 1* 5* 4 + 1 4* + 5 1
(((+)))(+((.+))((+.)+))

42
1 4* 3 + 3* 4 1* 1* + 1 4* 3 + 4 1* 5* 4 + 5 1
(((+)))(+)(.+)((.+))

39
1 4* 3 + 3* 4 1* 1* + 1 4* 3 + 4 1* 5* 4 + 5 1
(((+)))(+((.+))(.+))

7
1 4* 3 + 3* 4 1* 1* + 1 4*
..(+)((.+))

125
1 4* 3 + 3* 4 1* 1* + 1 4* + 1 4* 3 + 4 1* 5* 4
.((+))(.+)(+((.+)).)

73
1 4* 3 + 3* 4 1* 1* + 1 4* + 1 4* 3 + 4 1* 5* 4
.((+)((.+))+((.+)).)

216
1 4* 3 + 3* 4 1* 1* + 1 4* + 1 4* 3 + 4 1* 5* 4 + 1 4*
..(+)(((+)(+((.+)).)+))

613
1 4* 3 + 3* 4 1* 1* + 1 4* + 1 4*
..(+)(((+).+))

685
1 4* 3 + 3* 4 1* 1* + 1 4* + 1 4* + 1 4* 3 + 4 1* 5* 4
.((+))((+).+)(+((.+)).)

616
1 4* 3 + 3* 4 1* 1* + 1 4* + 1 4* + 1 4* 3 + 4 1* 5* 4
.((+)(((+).+))+((.+)).)

638
1 4* 3 + 3* 4 1* 1* + 1 4* + 1 4* + 1 4* + 3* 4 1* 1*
(.(+)(((+).+))+((+.)))

641
1 4* 3 + 3* 4 1* 1* + 1 4* + 1 4* + 1 4* + 3* 4 1* 1*
(((+))((+).+).+((+.)))

656
1 4* 3 + 3* 4 1* 1* + 1 4* + 1 4* + 1 4* + 4 1* 5* 4
.((+))((+).+)(+((+)).)

625
1 4* 3 + 3* 4 1* 1* + 1 4* + 1 4* + 1 4* + 4 1* 5* 4
.((+)(((+).+))+((+)).)

649
1 4* 3 + 3* 4 1* 1* + 1 4* + 1 4* + 5 1 + 4 1* 5* 4
.((+))((+).+)(+((+.)))

629
1 4* 3 + 3* 4 1* 1* + 1 4* + 1 4* + 5 1 + 4 1* 5* 4
.((+)(((+).+))+((+.)))

495
1 4* 3 + 3* 4 1* 1* + 1 4* + 1 4* + 3* 4 1* 1*
(.(+)((.+))+((+.)))

599
1 4* 3 + 3* 4 1* 1* + 1 4* + 1 4* + 3* 4 1* 1*
(((+))(.+).+((+.)))

331
1 4* 3 + 3* 4 1* 1* + 1 4* + 1 4* + 4 1* 5* 4
.((+))(.+)(+((+)).)

302
1 4* 3 + 3* 4 1* 1* + 1 4* + 1 4* + 4 1* 5* 4
.((+)((.+))+((+)).)

692
1 4* 3 + 3* 4 1* 1* + 1 4* + 1 4* + 4 1* 5* 4
(((+))((+).+)(+))..

614
1 4* 3 + 3* 4 1* 1* + 1 4* + 1 4* + 4 1* 5* 4
(((+)(((+).+))+))..

269
1 4* 3 + 3* 4 1* 1* + 1 4* + 1 4* + 4 1* 5* 4 + 1 4*
..(+)(((+)(+((+)).)+))

663
1 4* 3 + 3* 4 1* 1* + 1 4* + 1 4* + 4 1* 5* 4 + 1 4*
(((+))((+).+)(+)).(+.)

622
1 4* 3 + 3* 4 1* 1* + 1 4* + 1 4* + 4 1* 5* 4 + 1 4*
(((+)(((+).+))+)).(+.)

242
1 4* 3 + 3* 4 1* 1* + 1 4* + 5 1 + 1 4* 3 + 4 1* 5* 4
(((+)))(+)(+(.+((.+))))

250
1 4* 3 + 3* 4 1* 1* + 1 4* + 5 1 + 1 4* 3 + 4 1* 5* 4
(((+)))(+)(+((+.(.+))))

294
1 4* 3 + 3* 4 1* 1* + 1 4* + 5 1 + 1 4* + 4 1* 5* 4
(((+)))(+)(+(.+((+))))

299
1 4* 3 + 3* 4 1* 1* + 1 4* + 5 1 + 1 4* + 4 1* 5* 4
(((+)))(+)(+((+.(+))))

417
1 4* 3 + 3* 4 1* 1* + 1 4* + 5 1 + 4 1* 5* 4
.((+))(.+)(+((+.)))

400
1 4* 3 + 3* 4 1* 1* + 1 4* + 5 1 + 4 1* 5* 4
.((+)((.+))+((+.)))

465
1 4* 3 + 3* 4 1* 1* + 1 4* + 5 1 + 4 1* 5* 4 + 1 4*
..(+)(((+)(+((+.)))+))

63
1 4* 3 + 3* 4 1* 1* + 1 4* + 4 1* 5* 4
(((+))(.+)(+))..

34
1 4* 3 + 3* 4 1* 1* + 1 4* + 4 1* 5* 4
(((+)((.+))+))..

203
1 4* 3 + 3* 4 1* 1* + 1 4* + 4 1* 5* 4 + 1 4*
(((+))(.+)(+)).(+.)

171
1 4* 3 + 3* 4 1* 1* + 1 4* + 4 1* 5* 4 + 1 4*
(((+)((.+))+)).(+.)

258
1 4* 3 + 3* 4 1* 1* + 1 4* + 4 1* 5* 4 + 1 4* + 5 1
(((+)))(+)(+)(((+.)+))

255
1 4* 3 + 3* 4 1* 1* + 1 4* + 4 1* 5* 4 + 1 4* + 5 1
(((+)))(+((+))((+.)+))

389
1 4* 3 + 3* 4 1* 1* + 1 4* + 4 1* 5* 4 + 5 1
(((+)))(+)(+)((.+))

386
1 4* 3 + 3* 4 1* 1* + 1 4* + 4 1* 5* 4 + 5 1
(((+)))(+((+))(.+))

26
1 4* 3 + 3* 4 1* 1* + 5 1 + 1 4*
..(+)(((+.)+))

102
1 4* 3 + 3* 4 1* 1* + 5 1 + 1 4* + 1 4* 3 + 4 1* 5* 4
.((+))((+.)+)(+((.+)).)

76
1 4* 3 + 3* 4 1* 1* + 5 1 + 1 4* + 1 4* 3 + 4 1* 5* 4
.((+)(((+.)+))+((.+)).)

497
1 4* 3 + 3* 4 1* 1* + 5 1 + 1 4* + 1 4* + 3* 4 1* 1*
(.(+)(((+.)+))+((+.)))

585
1 4* 3 + 3* 4 1* 1* + 5 1 + 1 4* + 1 4* + 3* 4 1* 1*
(((+))((+.)+).+((+.)))

320
1 4* 3 + 3* 4 1* 1* + 5 1 + 1 4* + 1 4* + 4 1* 5* 4
.((+))((+.)+)(+((+)).)

304
1 4* 3 + 3* 4 1* 1* + 5 1 + 1 4* + 1 4* + 4 1* 5* 4
.((+)(((+.)+))+((+)).)

409
1 4* 3 + 3* 4 1* 1* + 5 1 + 1 4* + 5 1 + 4 1* 5* 4
.((+))((+.)+)(+((+.)))

402
1 4* 3 + 3* 4 1* 1* + 5 1 + 1 4* + 5 1 + 4 1* 5* 4
.((+)(((+.)+))+((+.)))

50
1 4* 3 + 3* 4 1* 1* + 5 1 + 1 4* + 4 1* 5* 4
(((+))((+.)+)(+))..

37
1 4* 3 + 3* 4 1* 1* + 5 1 + 1 4* + 4 1* 5* 4
(((+)(((+.)+))+))..

187
1 4* 3 + 3* 4 1* 1* + 5 1 + 1 4* + 4 1* 5* 4 + 1 4*
(((+))((+.)+)(+)).(+.)

173
1 4* 3 + 3* 4 1* 1* + 5 1 + 1 4* + 4 1* 5* 4 + 1 4*
(((+)(((+.)+))+)).(+.)

199
1 4* 3 + 4 1* 5* 4 + 1 4* + 5 1
.(.+)(((+.)+))

172
1 4* 3 + 4 1* 5* 4 + 1 4* + 5 1
((.+))((+.)+).

174
1 4* 3 + 4 1* 5* 4 + 1 4* + 5 1 + 1 4* + 3* 4 1* 1*
((.+))((+.)+)(+((+.)))

183
1 4* 3 + 4 1* 5* 4 + 1 4* + 5 1 + 1 4* + 3* 4 1* 1*
((.+)(((+.)+))+((+.)))

232
1 4* 3 + 4 1* 5* 4 + 1 4* + 3* 4 1* 1* + 1 4* + 5 1
.(.+)(((+((+.))(+))+))

217
1 4* 3 + 4 1* 5* 4 + 1 4* + 3* 4 1* 1* + 1 4* + 5 1
((.+))((+((+.))(+))+).

4
1 4* 3 + 4 1* 5* 4 + 5 1
.(.+)((.+))

18
1 4* 3 + 4 1* 5* 4 + 5 1
((.+))(.+).

38
1 4* 3 + 4 1* 5* 4 + 5 1 + 1 4* + 3* 4 1* 1*
((.+))(.+)(+((+.)))

46
1 4* 3 + 4 1* 5* 4 + 5 1 + 1 4* + 3* 4 1* 1*
((.+)((.+))+((+.)))

254
1 4* + 5 1 + 1 4* + 3* 4 1* 1* + 1 4* + 4 1* 5* 4
.(+((+((+.)))+((+))))

262
1 4* + 5 1 + 1 4* + 3* 4 1* 1* + 1 4* + 4 1* 5* 4
.(+((+((+.))(+)(+))))

253
1 4* + 5 1 + 1 4* + 4 1* 5* 4
.(+(.+((+))))

266
1 4* + 5 1 + 1 4* + 4 1* 5* 4
.(+((+.(+))))

270
1 4* + 5 1 + 1 4* + 4 1* 5* 4 + 1 4* + 3* 4 1* 1*
((+(.+((+))))+((+.)))

285
1 4* + 5 1 + 1 4* + 4 1* 5* 4 + 1 4* + 3* 4 1* 1*
((+((+.(+))))+((+.)))

393
1 4* + 3* 4 1* 1* + 1 4* + 4 1* 5* 4 + 5 1
((+.))(+)(+)((.+))

385
1 4* + 3* 4 1* 1* + 1 4* + 4 1* 5* 4 + 5 1
((+.))(+((+))(.+))

397
1 4* + 4 1* 5* 4 + 5 1
.(+)((.+))

384
1 4* + 4 1* 5* 4 + 5 1
((+))(.+).

###############################


# Reactions 
In + 72 -> 137 
In + 6 -> 496 
In + 301 -> 340 
In + 5 -> 110 
In + 451 -> 168 
In + 399 -> 148 
In + 399 -> 426 
In + 13 -> 532 
In + 488 -> 250 
In + 20 -> 35 
In + 170 -> 216 
In + 588 -> 613 
In + 252 -> 269 
In + 411 -> 199 
In + 462 -> 465 
In + 462 -> 232 
In + G1 -> 6 
In + G1 -> 7 
In + 24 -> 26 
In + 57 -> 97 
In + G2 -> 5 
In + G2 -> 4 
532 + 6 -> 735 
532 + 5 -> 82 
532 + 20 -> 154 
532 + 588 -> 736 
532 + 411 -> 179 
532 + G1 -> 719 
532 + 24 -> 720 
532 + 57 -> 367 
532 + G2 -> 451 
532 + G2 -> 42 
35 + 6 -> 501 
35 + 6 -> 500 
35 + 13 -> 154 
35 + 32 -> 79 
35 + 588 -> 617 
35 + 588 -> 616 
35 + G1 -> 74 
35 + G1 -> 72 
35 + G1 -> 73 
35 + 24 -> 77 
35 + 24 -> 78 
35 + 24 -> 76 
35 + 19 -> 75 
154 + 19 -> 159 
72 + 19 -> 138 
6 + 6 -> 491 
6 + 6 -> 491 
6 + 97 -> 512 
6 + 5 -> 517 
6 + 5 -> 86 
6 + 20 -> 72 
6 + 20 -> 498 
6 + 104 -> 507 
6 + 588 -> 638 
6 + 411 -> 183 
6 + G1 -> 495 
6 + 24 -> 497 
6 + 57 -> 301 
6 + G2 -> 399 
6 + G2 -> 46 
97 + 13 -> 367 
97 + 32 -> 306 
97 + 588 -> 625 
97 + G1 -> 301 
97 + G1 -> 302 
97 + 24 -> 305 
97 + 24 -> 304 
97 + 19 -> 303 
367 + 19 -> 371 
301 + 19 -> 341 
5 + 13 -> 451 
5 + 645 -> 312 
5 + 12 -> 327 
5 + 588 -> 316 
5 + 588 -> 629 
5 + G1 -> 399 
5 + G1 -> 400 
5 + 24 -> 402 
451 + 12 -> 381 
399 + 12 -> 361 
13 + 104 -> 239 
13 + 12 -> 645 
13 + 194 -> 292 
13 + 411 -> 488 
13 + 19 -> 32 
645 + 20 -> 239 
645 + 411 -> 258 
645 + 57 -> 292 
645 + G2 -> 488 
645 + G2 -> 389 
239 + 19 -> 242 
292 + 19 -> 294 
488 + 12 -> 299 
32 + 20 -> 39 
32 + 104 -> 175 
32 + 194 -> 255 
32 + 57 -> 386 
20 + 12 -> 104 
20 + 588 -> 614 
20 + 588 -> 170 
20 + G1 -> 34 
20 + 24 -> 37 
20 + 24 -> 38 
20 + 19 -> 18 
104 + 588 -> 622 
104 + G1 -> 171 
104 + G1 -> 170 
104 + 24 -> 173 
104 + 24 -> 174 
104 + 19 -> 172 
170 + 19 -> 217 
12 + 411 -> 266 
12 + 462 -> 285 
12 + G1 -> 588 
12 + 57 -> 194 
12 + G2 -> 411 
12 + G2 -> 397 
588 + 411 -> 262 
588 + 57 -> 252 
588 + G2 -> 462 
588 + G2 -> 393 
194 + G1 -> 252 
194 + 24 -> 254 
194 + 19 -> 253 
252 + 19 -> 270 
411 + G1 -> 462 
G1 + 19 -> 24 
24 + 57 -> 385 
57 + 19 -> 384 
137 -> 154 + 12 
496 -> 532 + 12 
746 -> 735 
735 -> 746 
567 -> 532 + 104 
606 -> 491 
491 -> 606 
538 -> 532 + 194 
530 -> 532 + 411 
340 -> 367 + 12 
75 -> 110 
110 -> 75 
159 -> 168 
168 -> 159 
138 -> 148 
148 -> 138 
303 -> 327 
327 -> 303 
371 -> 381 
381 -> 371 
341 -> 361 
361 -> 341 
426 -> 451 + 12 
719 -> 760 
760 -> 719 
736 -> 739 
739 -> 736 
720 -> 753 
753 -> 720 
7 -> 13 + 12 
125 -> 13 + 104 
216 -> 239 + 12 
613 -> 645 + 12 
685 -> 645 + 104 
638 -> 641 
641 -> 638 
656 -> 645 + 194 
649 -> 645 + 411 
495 -> 599 
599 -> 495 
331 -> 13 + 194 
269 -> 292 + 12 
242 -> 250 
250 -> 242 
294 -> 299 
299 -> 294 
417 -> 13 + 411 
465 -> 488 + 12 
26 -> 32 + 12 
102 -> 32 + 104 
497 -> 585 
585 -> 497 
320 -> 32 + 194 
409 -> 32 + 411 
199 -> 172 
172 -> 199 
232 -> 217 
217 -> 232 
4 -> 18 
18 -> 4 
253 -> 266 
266 -> 253 
270 -> 285 
285 -> 270 
397 -> 384 
384 -> 397 
556 -> 532 + 97 
556 -> 501 
501 -> 556 
674 -> 617 
674 -> 97 + 645 
617 -> 674 
114 -> 74 
114 -> 97 + 13 
74 -> 114 
90 -> 77 
90 -> 97 + 32 
77 -> 90 
746 -> 532 + 645 
567 -> 500 
500 -> 567 
606 -> 532 + 588 
538 -> 512 
512 -> 538 
530 -> 517 
517 -> 530 
574 -> 532 + 57 
574 -> 498 
498 -> 574 
545 -> 532 + 194 
545 -> 507 
507 -> 545 
79 -> 82 
82 -> 79 
306 -> 312 
312 -> 306 
78 -> 86 
86 -> 78 
305 -> 316 
316 -> 305 
760 -> 13 + 645 
739 -> 645 + 645 
753 -> 645 + 32 
179 -> 175 
175 -> 179 
42 -> 39 
39 -> 42 
125 -> 73 
73 -> 125 
685 -> 616 
616 -> 685 
641 -> 645 + 588 
656 -> 625 
625 -> 656 
649 -> 629 
629 -> 649 
599 -> 13 + 588 
331 -> 302 
302 -> 331 
692 -> 645 + 57 
692 -> 614 
614 -> 692 
663 -> 645 + 194 
663 -> 622 
622 -> 663 
417 -> 400 
400 -> 417 
63 -> 13 + 57 
63 -> 34 
34 -> 63 
203 -> 13 + 194 
203 -> 171 
171 -> 203 
258 -> 255 
255 -> 258 
389 -> 386 
386 -> 389 
102 -> 76 
76 -> 102 
585 -> 32 + 588 
320 -> 304 
304 -> 320 
409 -> 402 
402 -> 409 
50 -> 32 + 57 
50 -> 37 
37 -> 50 
187 -> 32 + 194 
187 -> 173 
173 -> 187 
174 -> 183 
183 -> 174 
38 -> 46 
46 -> 38 
254 -> 262 
262 -> 254 
393 -> 385 
385 -> 393 
501 -> 35 + 6 
617 -> 35 + 588 
74 -> 35 + G1 
77 -> 35 + 24 
137 -> In + 72 
496 -> In + 6 
735 -> 532 + 6 
500 -> 35 + 6 
491 -> 6 + 6 
512 -> 6 + 97 
517 -> 6 + 5 
498 -> 6 + 20 
507 -> 6 + 104 
340 -> In + 301 
79 -> 35 + 32 
306 -> 97 + 32 
75 -> 35 + 19 
159 -> 154 + 19 
138 -> 72 + 19 
78 -> 35 + 24 
305 -> 97 + 24 
303 -> 97 + 19 
371 -> 367 + 19 
341 -> 301 + 19 
426 -> In + 399 
719 -> 532 + G1 
736 -> 532 + 588 
720 -> 532 + 24 
175 -> 32 + 104 
39 -> 32 + 20 
7 -> In + G1 
73 -> 35 + G1 
216 -> In + 170 
613 -> In + 588 
616 -> 35 + 588 
638 -> 6 + 588 
625 -> 97 + 588 
629 -> 5 + 588 
495 -> 6 + G1 
302 -> 97 + G1 
614 -> 20 + 588 
269 -> In + 252 
622 -> 104 + 588 
242 -> 239 + 19 
294 -> 292 + 19 
400 -> 5 + G1 
465 -> In + 462 
34 -> 20 + G1 
171 -> 104 + G1 
255 -> 32 + 194 
386 -> 32 + 57 
26 -> In + 24 
76 -> 35 + 24 
497 -> 6 + 24 
304 -> 97 + 24 
402 -> 5 + 24 
37 -> 20 + 24 
173 -> 104 + 24 
172 -> 104 + 19 
174 -> 104 + 24 
217 -> 170 + 19 
18 -> 20 + 19 
38 -> 20 + 24 
254 -> 194 + 24 
253 -> 194 + 19 
270 -> 252 + 19 
385 -> 24 + 57 
384 -> 57 + 19 
###############################


# Condensed Reactions 
In + 72 -> 154 + 12 
In + 6 -> 532 + 12 
In + 301 -> 367 + 12 
In + 5 -> 35 + 19 
In + 451 -> 154 + 19 
In + 399 -> 72 + 19 
In + 399 -> 451 + 12 
In + 13 -> 532 
In + 488 -> 239 + 19 
In + 20 -> 35 
In + 170 -> 239 + 12 
In + 588 -> 645 + 12 
In + 252 -> 292 + 12 
In + 411 -> 104 + 19 
In + 462 -> 488 + 12 
In + 462 -> 170 + 19 
In + G1 -> 6 
In + G1 -> 13 + 12 
In + 24 -> 32 + 12 
In + 57 -> 97 
In + G2 -> 5 
In + G2 -> 20 + 19 
532 + 5 -> 35 + 32 
532 + 20 -> 154 
532 + 588 -> 645 + 645 
532 + 411 -> 32 + 104 
532 + G1 -> 13 + 645 
532 + 24 -> 645 + 32 
532 + 57 -> 367 
532 + G2 -> 451 
532 + G2 -> 32 + 20 
35 + 6 -> 532 + 97 
35 + 6 -> 532 + 104 
35 + 13 -> 154 
35 + 588 -> 97 + 645 
35 + 588 -> 645 + 104 
35 + G1 -> 72 
35 + G1 -> 97 + 13 
35 + G1 -> 13 + 104 
35 + 24 -> 97 + 32 
35 + 24 -> 32 + 104 
6 -> 645 
6 + 6 -> 532 + 588 
6 + 97 -> 532 + 194 
6 + 5 -> 532 + 411 
6 + 5 -> 35 + 24 
6 + 20 -> 532 + 57 
6 + 20 -> 72 
6 + 104 -> 532 + 194 
6 + 411 -> 104 + 24 
6 + G1 -> 13 + 588 
6 + 24 -> 32 + 588 
6 + 57 -> 301 
6 + G2 -> 399 
6 + G2 -> 20 + 24 
97 + 13 -> 367 
97 + 588 -> 645 + 194 
97 + G1 -> 301 
97 + G1 -> 13 + 194 
97 + 24 -> 32 + 194 
5 + 13 -> 451 
5 + 645 -> 97 + 32 
5 + 12 -> 97 + 19 
5 + 588 -> 97 + 24 
5 + 588 -> 645 + 411 
5 + G1 -> 399 
5 + G1 -> 13 + 411 
5 + 24 -> 32 + 411 
451 + 12 -> 367 + 19 
399 + 12 -> 301 + 19 
13 + 104 -> 239 
13 + 12 -> 645 
13 + 194 -> 292 
13 + 411 -> 488 
13 + 19 -> 32 
645 + 20 -> 239 
645 + 411 -> 32 + 194 
645 + 57 -> 292 
645 + G2 -> 488 
645 + G2 -> 32 + 57 
488 + 12 -> 292 + 19 
20 + 12 -> 104 
20 + 588 -> 645 + 57 
20 + 588 -> 170 
20 + G1 -> 13 + 57 
20 + 24 -> 32 + 57 
104 + 588 -> 645 + 194 
104 + G1 -> 13 + 194 
104 + G1 -> 170 
104 + 24 -> 32 + 194 
12 + 411 -> 194 + 19 
12 + 462 -> 252 + 19 
12 + G1 -> 588 
12 + 57 -> 194 
12 + G2 -> 411 
12 + G2 -> 57 + 19 
588 + 411 -> 194 + 24 
588 + 57 -> 252 
588 + G2 -> 462 
588 + G2 -> 24 + 57 
194 + G1 -> 252 
411 + G1 -> 462 
G1 + 19 -> 24 
