###### Enumerated Output ######


# Domains 
sequence 1 = : 12
sequence 2 = : 6
sequence 3 = : 6
sequence 4 = : 12
sequence 5 = : 6


# End-state Complexes 
11
1 4* 3 + 3* 4 1* 1*
(((+))).

1
1 4* 3 + 4 1* 5* 4
((.+))..

2
1 4* + 3* 4 1* 1*
((+.)).

10
1 4* + 4 1* 5* 4
((+))..

###############################


# Fast (Transition) Complexes 
3
1 4* 3 + 3* 4 1* 1* + 1 4* + 4 1* 5* 4
(((+))(.+)(+))..

Transient
1 4* 3 + 3* 4 1* 1* + 1 4* + 4 1* 5* 4
(((+)((.+))+))..

###############################


# Reactions 
1 + 2 -> Transient 
3 -> 11 + 10 
3 -> Transient 
Transient -> 3 
Transient -> 1 + 2 
###############################


# Condensed Reactions 
1 + 2 -> 11 + 10 
