###### Enumerated Output ######


# Domains 
sequence a = : 6
sequence b = : 6
sequence c = : 6
sequence x = : 6
sequence y = : 6
sequence z = : 6


# End-state Complexes 
A
a x b y z* c* y* b* x*
.(((..)))

11281
a x b y z* c* y* b* x* + b y c z x* a* z* c* y* + c z a x y* b* x* a* z*
((((((((.+))))((((.+)))))))).

11255
a x b y z* c* y* b* x* + b y c z x* a* z* c* y* + y* b* x* a*
((((((((.+)))).....+))))

11246
a x b y z* c* y* b* x* + y* b* x* a*
((((.....+))))

B
b y c z x* a* z* c* y*
.(((..)))

C
c z a x y* b* x* a* z*
.(((..)))

I
y* b* x* a*
....

###############################


# Fast (Transition) Complexes 
11262
a x b y z* c* y* b* x* + b y c z x* a* z* c* y* + a x b y z* c* y* b* x* + y* b* x* a*
((((((((.+)))).(...+)(((..)))+))))

11266
a x b y z* c* y* b* x* + b y c z x* a* z* c* y* + a x b y z* c* y* b* x* + y* b* x* a*
((((((((.+))))((...+))((..)).+))))

11269
a x b y z* c* y* b* x* + b y c z x* a* z* c* y* + c z a x y* b* x* a* z* + y* b* x* a*
((((((((.+))))...(.+)(((..)))+))))

11275
a x b y z* c* y* b* x* + b y c z x* a* z* c* y* + c z a x y* b* x* a* z* + y* b* x* a*
((((((((.+))))((((.+)))).....+))))

11249
a x b y z* c* y* b* x* + b y c z x* a* z* c* y* + y* b* x* a*
((((...(.+)(((..)))+))))

11268
a x b y z* c* y* b* x* + c z a x y* b* x* a* z* + y* b* x* a*
((((.(...+)(((..)))+))))

11286
a x b y z* c* y* b* x* + c z a x y* b* x* a* z* + y* b* x* a*
((((((...+))((..)).+))))

11240
a x b y z* c* y* b* x* + y* b* x* a*
((((..)))+...)

11248
b y c z x* a* z* c* y* + y* b* x* a*
((((..)))+.)..

11260
b y c z x* a* z* c* y* + y* b* x* a*
((((..)).+))..

###############################


# Reactions 
A + 11255 -> 11262 
A + I -> 11240 
11255 + C -> 11269 
11246 + B -> 11249 
11246 + C -> 11268 
B + I -> 11248 
11262 -> 11266 
11266 -> 11262 
11269 -> 11275 
11275 -> 11281 + I 
11249 -> 11255 
11268 -> 11286 
11286 -> 11268 
11240 -> 11246 
11248 -> 11260 
11260 -> 11248 
11262 -> A + 11255 
11269 -> 11255 + C 
11249 -> 11246 + B 
11268 -> 11246 + C 
11240 -> A + I 
11248 -> B + I 
