###### Enumerated Output ######


# Domains 
sequence 1 = : 6
sequence 2 = : 6
sequence 3 = : 6
sequence 4 = : 12
sequence 5 = : 6
sequence 6 = : 12
sequence 7 = : 6


# End-state Complexes 
4
7* 6* 5* 1 2 3 + 6 7
((....+))

19
7* 6* 5* 1 2 3 + 3* 2* 1* 5 6
.(((((+)))))

C2
7* 6* 5* 1 2 3 + 5 6
.((...+))

Cat
6 7
..

15
1 2 3 4
....

C1
1 2 3 4 + 3* 2* 1* 5 6
(((.+)))..

5
5 6
..

###############################


# Fast (Transition) Complexes 
22
7* 6* 5* 1 2 3 + 1 2 3 4 + 3* 2* 1* 5 6
.((...+(((.+)))))

16
7* 6* 5* 1 2 3 + 1 2 3 4 + 3* 2* 1* 5 6 + 6 7
(((...+(((.+)))))+.)

7
7* 6* 5* 1 2 3 + 1 2 3 4 + 3* 2* 1* 5 6 + 6 7
(((...+(((.+)))).+))

17
7* 6* 5* 1 2 3 + 3* 2* 1* 5 6 + 6 7
((((((+)))))+.)

14
7* 6* 5* 1 2 3 + 3* 2* 1* 5 6 + 6 7
((((((+)))).+))

0
7* 6* 5* 1 2 3 + 5 6 + 6 7
(((...+))+.)

3
7* 6* 5* 1 2 3 + 5 6 + 6 7
(((...+).+))

###############################


# Reactions 
4 + C1 -> 7
4 + 5 -> 3
19 + Cat -> 17
C2 + Cat -> 0
22 -> 19 + 15
16 -> 7
16 -> 17 + 15
7 -> 16
7 -> 14 + 15
17 -> 14
14 -> 17
0 -> 3
3 -> 0
16 -> 22 + Cat
7 -> 4 + C1
17 -> 19 + Cat
0 -> C2 + Cat
3 -> 4 + 5
