###### Enumerated Output ######


# Domains 
sequence 1 = : 6
sequence 1* = : 6
sequence 2 = : 6
sequence 2* = : 6
sequence 3 = : 6
sequence 3* = : 6
sequence 4 = : 12
sequence 4* = : 12
sequence 5 = : 6
sequence 5* = : 6
sequence 6 = : 12
sequence 6* = : 12
sequence 7 = : 6
sequence 7* = : 6
###############################


# Resting-state Complexes 
204
BS + Cat
((....+))

219
BS + PS
.(((((+)))))

C2
BS + SP
.((...+))

Cat
Cat
..

215
OP
....

C1
OP + PS
(((.+)))..

205
SP
..

###############################


# Resting-state sets 
state 59 = : 204
state 61 = : 219
state 56 = : C2
state 58 = : Cat
state 62 = : 215
state 57 = : C1
state 60 = : 205
###############################


# Fast (Transition) Complexes 
222
BS + OP + PS
.((...+(((.+)))))

216
BS + OP + PS + Cat
(((...+(((.+)))))+.)

207
BS + OP + PS + Cat
(((...+(((.+)))).+))

217
BS + PS + Cat
((((((+)))))+.)

214
BS + PS + Cat
((((((+)))).+))

200
BS + SP + Cat
(((...+))+.)

203
BS + SP + Cat
(((...+).+))

###############################


# Reactions 
204 + C1 -> 207
204 + 205 -> 203
219 + Cat -> 217
C2 + Cat -> 200
222 -> 219 + 215
216 -> 207
216 -> 217 + 215
207 -> 216
207 -> 214 + 215
217 -> 214
214 -> 217
200 -> 203
203 -> 200
216 -> 222 + Cat
207 -> 204 + C1
217 -> 219 + Cat
200 -> C2 + Cat
203 -> 204 + 205
###############################
###############################
