###### Enumerated Output ######


# Domains 
sequence a = : 6
sequence p = : 12
sequence t = : 6
sequence x = : 12


# End-state Complexes 
substrate
a* x p x t* + x* p* x a* x* p x a
.(((.+))..)...

substrate
a* x p x t* + x* p* x a* x* p x a
((((.+))..)..)

12
a* x p x t* + t x* p* x* a
(((((+)))))

30
x* p* x a* x* p x a
(.)((.))

24
x* p* x a* x* p x a
(((.))).

input
t x* p* x* a
.....

###############################


# Fast (Transition) Complexes 
56
a* x p x t* + x* p* x a* x* p x a + a* x p x t* + x* p* x a* x* p x a
.(((.+))..)..(+)(((.+))..)...

57
a* x p x t* + x* p* x a* x* p x a + a* x p x t* + x* p* x a* x* p x a
((((.+))..)...+.(((.+))..)..)

270
a* x p x t* + x* p* x a* x* p x a + a* x p x t* + x* p* x a* x* p x a
((((.+))..)..(+)(((.+))..)..)

63
a* x p x t* + x* p* x a* x* p x a + x* p* x a* x* p x a
((((.+))..)...+(((.))))

61
a* x p x t* + x* p* x a* x* p x a + t x* p* x* a
.(((.+))..).(.+.)...

62
a* x p x t* + x* p* x a* x* p x a + t x* p* x* a
.(((.+))..).(.+...).

59
a* x p x t* + x* p* x a* x* p x a + t x* p* x* a
.(((.+))..)(..+..)..

99
a* x p x t* + x* p* x a* x* p x a + t x* p* x* a
.(((.+))..)((.+.))..

58
a* x p x t* + x* p* x a* x* p x a + t x* p* x* a
((((.+))..)...+....)

98
a* x p x t* + x* p* x a* x* p x a + t x* p* x* a
((((.+))..).(.+.)..)

66
a* x p x t* + x* p* x a* x* p x a + t x* p* x* a
((((.+))..).(.+...))

215
a* x p x t* + x* p* x a* x* p x a + t x* p* x* a
((((.+))..)(..+..).)

101
a* x p x t* + x* p* x a* x* p x a + t x* p* x* a
((((.+))..)((.+.)).)

110
a* x p x t* + x* p* x a* x* p x a + t x* p* x* a
((.(.+)....((.+.))))

148
a* x p x t* + x* p* x a* x* p x a + t x* p* x* a
((.(.+).(.)((.+.))))

144
a* x p x t* + x* p* x a* x* p x a + t x* p* x* a
((.(.+)((.))(.+.).))

181
a* x p x t* + x* p* x a* x* p x a + t x* p* x* a
((.(.+....)((.+.))))

183
a* x p x t* + x* p* x a* x* p x a + t x* p* x* a
((.(.+(.).)((.+.))))

109
a* x p x t* + x* p* x a* x* p x a + t x* p* x* a
((((.+))....(.+.).))

220
a* x p x t* + x* p* x a* x* p x a + t x* p* x* a
((((.+))...(..+..)))

117
a* x p x t* + x* p* x a* x* p x a + t x* p* x* a
((((.+))...((.+.))))

67
a* x p x t* + x* p* x a* x* p x a + t x* p* x* a
((((.+))..(.).+...))

70
a* x p x t* + x* p* x a* x* p x a + t x* p* x* a
((((.+)).((.))+...))

115
a* x p x t* + x* p* x a* x* p x a + t x* p* x* a
((((.+))(.).(.+.).))

222
a* x p x t* + x* p* x a* x* p x a + t x* p* x* a
((((.+))(.)(..+..)))

143
a* x p x t* + x* p* x a* x* p x a + t x* p* x* a
((((.+))(.)((.+.))))

118
a* x p x t* + x* p* x a* x* p x a + t x* p* x* a
((((.+))(.....+.).))

71
a* x p x t* + x* p* x a* x* p x a + t x* p* x* a
((((.+))(.(.).+.).))

123
a* x p x t* + x* p* x a* x* p x a + t x* p* x* a
((((.+))((...)+.).))

79
a* x p x t* + x* p* x a* x* p x a + t x* p* x* a
((((.+))(((.))+.).))

103
a* x p x t* + x* p* x a* x* p x a + t x* p* x* a
((((.+).....(.+.))))

107
a* x p x t* + x* p* x a* x* p x a + t x* p* x* a
((((.+).(.).(.+.))))

124
a* x p x t* + x* p* x a* x* p x a + t x* p* x* a
((((.+).(.....+.))))

80
a* x p x t* + x* p* x a* x* p x a + t x* p* x* a
((((.+).(.(.).+.))))

128
a* x p x t* + x* p* x a* x* p x a + t x* p* x* a
((((.+).((...)+.))))

82
a* x p x t* + x* p* x a* x* p x a + t x* p* x* a
((((.+).(((.))+.))))

225
a* x p x t* + x* p* x a* x* p x a + t x* p* x* a
((((.+)(...)..+..)))

108
a* x p x t* + x* p* x a* x* p x a + t x* p* x* a
((((.+)(...)(.+.))))

227
a* x p x t* + x* p* x a* x* p x a + t x* p* x* a
((((.+)((.))..+..)))

147
a* x p x t* + x* p* x a* x* p x a + t x* p* x* a
((((.+)((.))(.+.))))

184
a* x p x t* + x* p* x a* x* p x a + t x* p* x* a
((((.+....).(.+.))))

186
a* x p x t* + x* p* x a* x* p x a + t x* p* x* a
((((.+(.).).(.+.))))

51
a* x p x t* + t x* p* x* a
.((((+)))).

151
a* x p x t* + t x* p* x* a
((.(.+.).))

155
a* x p x t* + t x* p* x* a
((.((+)).))

231
a* x p x t* + t x* p* x* a
(((..+..)))

239
a* x p x t* + t x* p* x* a
(((.(+).)))

74
a* x p x t* + t x* p* x* a
((((.+.))))

4
a* x p x t* + t x* p* x* a + x* p* x a* x* p x a
.((((+)....+))..)...

4
a* x p x t* + t x* p* x* a + x* p* x a* x* p x a
(((((+)....+))..)..)

11
x* p* x a* x* p x a
........

18
x* p* x a* x* p x a
....(.).

17
x* p* x a* x* p x a
...(...)

40
x* p* x a* x* p x a
...((.))

16
x* p* x a* x* p x a
..(.)...

15
x* p* x a* x* p x a
.(...)..

34
x* p* x a* x* p x a
.((.))..

13
x* p* x a* x* p x a
(.).....

28
x* p* x a* x* p x a
(.).(.).

27
x* p* x a* x* p x a
(.)(...)

14
x* p* x a* x* p x a
(.....).

21
x* p* x a* x* p x a
(.(.).).

22
x* p* x a* x* p x a
((...)).

###############################


# Reactions 
substrate -> substrate 
56 -> 270 
57 -> 270 
61 -> 99 
61 -> 98 
62 -> 66 
59 -> 99 
59 -> 215 
99 -> 101 
58 -> 98 
58 -> 66 
58 -> 215 
98 -> 101 
215 -> 101 
110 -> 148 
110 -> 117 
148 -> 143 
144 -> 147 
181 -> 183 
109 -> 117 
109 -> 115 
220 -> 117 
220 -> 222 
117 -> 143 
67 -> 70 
67 -> 71 
70 -> 79 
115 -> 143 
222 -> 143 
118 -> 71 
118 -> 123 
71 -> 79 
123 -> 79 
103 -> 107 
103 -> 108 
107 -> 147 
124 -> 80 
124 -> 128 
80 -> 82 
128 -> 82 
225 -> 108 
225 -> 227 
108 -> 147 
227 -> 147 
184 -> 186 
51 -> 12 
151 -> 155 
151 -> 74 
155 -> 12 
231 -> 239 
231 -> 74 
239 -> 12 
74 -> 12 
4 -> 4 
11 -> 18 
11 -> 17 
11 -> 16 
11 -> 15 
11 -> 13 
11 -> 14 
18 -> 40 
18 -> 28 
17 -> 40 
17 -> 27 
40 -> 30 
16 -> 34 
16 -> 21 
15 -> 34 
15 -> 22 
34 -> 24 
13 -> 28 
13 -> 27 
28 -> 30 
27 -> 30 
14 -> 21 
14 -> 22 
21 -> 24 
22 -> 24 
substrate + substrate -> 56 
substrate + substrate -> 57 
substrate + 24 -> 63 
substrate + input -> 61 
substrate + input -> 62 
substrate + input -> 59 
substrate + input -> 58 
substrate + input -> 4 
substrate + input -> 4 
56 -> substrate + substrate 
57 -> substrate + substrate 
58 -> 74 + 11 
98 -> 66 
98 -> 103 
215 -> 220 
101 -> 117 
110 -> 181 
110 -> 103 
148 -> 144 
148 -> 107 
144 -> 148 
144 -> 115 
181 -> 184 
183 -> 186 
109 -> 118 
109 -> 103 
67 -> 74 + 18 
70 -> 74 + 40 
115 -> 144 
115 -> 107 
118 -> 124 
71 -> 80 
123 -> 128 
79 -> 82 
103 -> 110 
103 -> 109 
107 -> 148 
107 -> 115 
124 -> 118 
80 -> 71 
128 -> 123 
82 -> 79 
225 -> 231 + 22 
225 -> 74 + 15 
227 -> 231 + 24 
227 -> 74 + 34 
184 -> 181 
186 -> 183 
4 -> 51 + 11 
4 -> 12 + 11 
66 -> 67 
144 -> 151 + 24 
220 -> 225 
117 -> 108 
222 -> 227 
143 -> 147 
103 -> 74 + 14 
107 -> 74 + 21 
124 -> 74 + 13 
80 -> 74 + 28 
128 -> 74 + 27 
82 -> 74 + 30 
225 -> 220 
108 -> 117 
108 -> 74 + 22 
227 -> 222 
147 -> 143 
147 -> 74 + 24 
184 -> 74 + 18 
186 -> 74 + 28 
substrate -> substrate 
56 -> substrate + substrate 
57 -> substrate + substrate 
270 -> 56 
270 -> 57 
63 -> substrate + 24 
58 -> substrate + input 
98 -> 61 
66 -> 62 
215 -> 59 
101 -> 99 
123 -> 118 
128 -> 124 
239 -> 231 
4 -> substrate + input 
4 -> substrate + input 
4 -> 4 
17 -> 11 
27 -> 13 
###############################


# Condensed Reactions 
