###### Enumerated Output ######


# Domains 
sequence D = : 27
sequence E = : 12
sequence H = : 15
sequence J = : 24
sequence L = : 15
sequence a = : 6
sequence b = : 6
sequence c = : 3
sequence e = : 3
sequence f = : 6
sequence g = : 6
sequence i = : 6
sequence k = : 6


# End-state Complexes 
Input
k i H e f g L
.......

60
k i H e f g L + g* f* e* H* i* J*
.(((((.+))))).

26
k i H e f g L + g* f* e* H* i*
.(((((.+)))))

Reporter
f* e* E* c* b* a* + a b c D E e
.(((((+))).))

9
f* e* E* c* b* a* + H a b c E e f g
((((((+.)))))).

Output
a b c D E e
......

AndGate3
g* f* e* H* i* J* + g* f* e* H* i* + H e f g J i + H a b c E e f g
((((((+((((.+))))))+)....)))

27
g* f* e* H* i* J* + H e f g J i + H a b c E e f g
((((((+....))+)....)))

46
g* f* e* H* i* J* + H a b c E e f g
((((..+)....)))

47
H e f g J i + i* J* g*
...(((+)))

Helper
i* J* g*
...

Signal
H a b c E e f g
........

###############################


# Fast (Transition) Complexes 
18
k i H e f g L + f* e* E* c* b* a* + a b c D E e
....(..+)(((((+))).))

30
k i H e f g L + f* e* E* c* b* a* + a b c D E e
...((..+))((((+))).).

19
k i H e f g L + H e f g J i + H a b c E e f g + g* f* e* H* i* J* + g* f* e* H* i*
.(.....+((((((+(....(((+))))))+)))))

16
k i H e f g L + i* J* g*
.....(.+..)

17
k i H e f g L + i* J* g*
.(.....+)..

53
k i H e f g L + H a b c E e f g + g* f* e* H* i* J*
.(.....+(....(((+))))).

48
f* e* E* c* b* a* + a b c D E e + H e f g J i + i* J* g*
((((((+))).))+..)(((+)))

51
f* e* E* c* b* a* + a b c D E e + H e f g J i + i* J* g*
((((((+))).).+.))(((+)))

37
f* e* E* c* b* a* + a b c D E e + H e f g J i + H a b c E e f g + g* f* e* H* i* J*
((((((+))).))+..).((+(....(((+))))))

40
f* e* E* c* b* a* + a b c D E e + H e f g J i + H a b c E e f g + g* f* e* H* i* J*
((((((+))).).+.)).((+(....(((+))))))

1
f* e* E* c* b* a* + a b c D E e + H a b c E e f g
((((((+))).))+......).

13
f* e* E* c* b* a* + H a b c E e f g + i* J* g*
((((((+.))))))(+..)

36
g* f* e* H* i* J* + i* J* g* + H e f g J i + H a b c E e f g
((((((+..(+...)))+)....)))

0
i* J* g* + H a b c E e f g
..(+.......)

###############################


# Reactions 
Input + Reporter -> 18 
Input + AndGate3 -> 19 
Input + 46 -> 53 
Input + Helper -> 16 
Input + Helper -> 17 
Reporter + 27 -> 37 
Reporter + 47 -> 48 
Reporter + Signal -> 1 
9 + Helper -> 13 
27 + Helper -> 36 
Helper + Signal -> 0 
18 -> 30 
30 -> 18 
19 -> 26 + 27 
53 -> 60 + Signal 
48 -> 51 
51 -> 48 
37 -> 40 
40 -> 37 
1 -> 9 + Output 
36 -> 46 + 47 
18 -> Input + Reporter 
19 -> Input + AndGate3 
16 -> Input + Helper 
17 -> Input + Helper 
53 -> Input + 46 
48 -> Reporter + 47 
37 -> Reporter + 27 
1 -> Reporter + Signal 
13 -> 9 + Helper 
36 -> 27 + Helper 
0 -> Helper + Signal 
###############################


# Condensed Reactions 
Input + AndGate3 -> 26 + 27 
Input + 46 -> 60 + Signal 
Reporter + Signal -> 9 + Output 
27 + Helper -> 46 + 47 
