###### Enumerated Output ######


# Domains 
sequence a = : 6
sequence a* = : 6
sequence b = : 6
sequence b* = : 6
sequence c = : 6
sequence c* = : 6
sequence x = : 6
sequence x* = : 6
sequence y = : 6
sequence y* = : 6
sequence z = : 6
sequence z* = : 6
###############################


# Resting-state Complexes 
A
A
.(((..)))

269
A + B + C
((((((((.+))))((((.+)))))))).

247
A + B + I
((((((((.+)))).....+))))

240
A + I
((((.....+))))

B
B
.(((..)))

C
C
.(((..)))

I
I
....

###############################


# Resting-state sets 
state 65 = : A
state 69 = : 269
state 68 = : 247
state 67 = : 240
state 64 = : B
state 63 = : C
state 66 = : I
###############################


# Fast (Transition) Complexes 
252
A + B + A + I
((((((((.+)))).(...+)(((..)))+))))

255
A + B + A + I
((((((((.+))))((...+))((..)).+))))

258
A + B + C + I
((((((((.+))))...(.+)(((..)))+))))

263
A + B + C + I
((((((((.+))))((((.+)))).....+))))

242
A + B + I
((((...(.+)(((..)))+))))

257
A + C + I
((((.(...+)(((..)))+))))

272
A + C + I
((((((...+))((..)).+))))

235
A + I
((((..)))+...)

241
B + I
((((..)))+.)..

250
B + I
((((..)).+))..

###############################


# Reactions 
A + 247 -> 252
A + I -> 235
247 + C -> 258
240 + B -> 242
240 + C -> 257
B + I -> 241
252 -> 255
255 -> 252
258 -> 263
263 -> 269 + I
242 -> 247
257 -> 272
272 -> 257
235 -> 240
241 -> 250
250 -> 241
252 -> A + 247
258 -> 247 + C
242 -> 240 + B
257 -> 240 + C
235 -> A + I
241 -> B + I
###############################
###############################
