###### Enumerated Output ######


# Domains 
sequence D = : 27
sequence E = : 12
sequence H = : 15
sequence J = : 24
sequence L = : 15
sequence a = : 6
sequence b = : 6
sequence c = : 3
sequence e = : 3
sequence f = : 6
sequence g = : 6
sequence i = : 6
sequence k = : 6


# End-state Complexes 
Input
k i H e f g L
.......

34
k i H e f g L + g* f* e* H* i* J*
.(((((.+))))).

14
k i H e f g L + g* f* e* H* i*
.(((((.+)))))

1((1, 0)+(0, 5))
f* e* E* c* b* a* + a b c D E e
((((((+))))))

Output
a b c D E e
......

AndGate3
g* f* e* H* i* J* + g* f* e* H* i* + H e f g J i + H a b c E e f g
((((((+((((.+))))))+)....)))

15
g* f* e* H* i* J* + H e f g J i + H a b c E e f g
((((((+....))+)....)))

25
g* f* e* H* i* J* + H a b c E e f g
((((..+)....)))

26
H e f g J i + i* J* g*
...(((+)))

Helper
i* J* g*
...

Signal
H a b c E e f g
........

###############################


# Fast (Transition) Complexes 
7
k i H e f g L + H e f g J i + H a b c E e f g + g* f* e* H* i* J* + g* f* e* H* i*
.(.....+((((((+(....(((+))))))+)))))

5
k i H e f g L + i* J* g*
.....(.+..)

6
k i H e f g L + i* J* g*
.(.....+)..

27
k i H e f g L + H a b c E e f g + g* f* e* H* i* J*
.(.....+(....(((+))))).

Reporter
f* e* E* c* b* a* + a b c D E e
(((((.+)).)))

1
f* e* E* c* b* a* + a b c D E e
(((((.+.)))))

20
g* f* e* H* i* J* + i* J* g* + H e f g J i + H a b c E e f g
((((((+..(+...)))+)....)))

2
i* J* g* + H a b c E e f g
..(+.......)

###############################


# Reactions 
1 -> 1((1, 0)+(0, 5)) 
Input + AndGate3 -> 7 
Input + 25 -> 27 
Input + Helper -> 5 
Input + Helper -> 6 
15 + Helper -> 20 
Helper + Signal -> 2 
7 -> 14 + 15 
27 -> 34 + Signal 
Reporter -> 1 
20 -> 25 + 26 
7 -> Input + AndGate3 
5 -> Input + Helper 
6 -> Input + Helper 
27 -> Input + 25 
20 -> 15 + Helper 
2 -> Helper + Signal 
