###### Enumerated Output ######


# Domains 
sequence a = : 6
sequence a* = : 6
sequence b = : 6
sequence b* = : 6
sequence c = : 6
sequence c* = : 6
sequence x = : 6
sequence x* = : 6
sequence y = : 6
sequence y* = : 6
sequence z = : 6
sequence z* = : 6
###############################


# Resting-state Complexes 
A
A
.(((..)))

160
A + B + C
((((((((.+))))((((.+)))))))).

138
A + B + I
((((((((.+)))).....+))))

131
A + I
((((.....+))))

B
B
.(((..)))

C
C
.(((..)))

I
I
....

###############################


# Resting-state sets 
state 44 = : A
state 48 = : 160
state 47 = : 138
state 46 = : 131
state 43 = : B
state 42 = : C
state 45 = : I
###############################


# Fast (Transition) Complexes 
143
A + B + A + I
((((((((.+)))).(...+)(((..)))+))))

146
A + B + A + I
((((((((.+))))((...+))((..)).+))))

149
A + B + C + I
((((((((.+))))...(.+)(((..)))+))))

154
A + B + C + I
((((((((.+))))((((.+)))).....+))))

133
A + B + I
((((...(.+)(((..)))+))))

148
A + C + I
((((.(...+)(((..)))+))))

163
A + C + I
((((((...+))((..)).+))))

126
A + I
((((..)))+...)

132
B + I
((((..)))+.)..

141
B + I
((((..)).+))..

###############################


# Reactions 
A + 138 -> 143
A + I -> 126
138 + C -> 149
131 + B -> 133
131 + C -> 148
B + I -> 132
143 -> 146
146 -> 143
149 -> 154
154 -> 160 + I
133 -> 138
148 -> 163
163 -> 148
126 -> 131
132 -> 141
141 -> 132
143 -> A + 138
149 -> 138 + C
133 -> 131 + B
148 -> 131 + C
126 -> A + I
132 -> B + I
###############################
###############################
