{
    "reactions": [
        {
            "reactants": [
                "C2", 
                "Cat"
            ], 
            "products": [
                "574"
            ], 
            "name": "bind21"
        }, 
        {
            "reactants": [
                "574"
            ], 
            "products": [
                "C2", 
                "Cat"
            ], 
            "name": "open"
        }, 
        {
            "reactants": [
                "574"
            ], 
            "products": [
                "577"
            ], 
            "name": "branch_3way"
        }, 
        {
            "reactants": [
                "577"
            ], 
            "products": [
                "578", 
                "579"
            ], 
            "name": "open"
        }, 
        {
            "reactants": [
                "577"
            ], 
            "products": [
                "574"
            ], 
            "name": "branch_3way"
        }, 
        {
            "reactants": [
                "578", 
                "C1"
            ], 
            "products": [
                "581"
            ], 
            "name": "bind21"
        }, 
        {
            "reactants": [
                "578", 
                "579"
            ], 
            "products": [
                "577"
            ], 
            "name": "bind21"
        }, 
        {
            "reactants": [
                "581"
            ], 
            "products": [
                "578", 
                "C1"
            ], 
            "name": "open"
        }, 
        {
            "reactants": [
                "581"
            ], 
            "products": [
                "590"
            ], 
            "name": "branch_3way"
        }, 
        {
            "reactants": [
                "581"
            ], 
            "products": [
                "588", 
                "589"
            ], 
            "name": "branch_3way"
        }, 
        {
            "reactants": [
                "588"
            ], 
            "products": [
                "591"
            ], 
            "name": "branch_3way"
        }, 
        {
            "reactants": [
                "591"
            ], 
            "products": [
                "593", 
                "Cat"
            ], 
            "name": "open"
        }, 
        {
            "reactants": [
                "591"
            ], 
            "products": [
                "588"
            ], 
            "name": "branch_3way"
        }, 
        {
            "reactants": [
                "590"
            ], 
            "products": [
                "596", 
                "Cat"
            ], 
            "name": "open"
        }, 
        {
            "reactants": [
                "590"
            ], 
            "products": [
                "581"
            ], 
            "name": "branch_3way"
        }, 
        {
            "reactants": [
                "590"
            ], 
            "products": [
                "591", 
                "589"
            ], 
            "name": "branch_3way"
        }, 
        {
            "reactants": [
                "596"
            ], 
            "products": [
                "593", 
                "589"
            ], 
            "name": "branch_3way"
        }, 
        {
            "reactants": [
                "593", 
                "Cat"
            ], 
            "products": [
                "591"
            ], 
            "name": "bind21"
        }
    ], 
    "strands": [
        {
            "domains": [
                "7*", 
                "6*", 
                "5*", 
                "1", 
                "2", 
                "3"
            ], 
            "name": "BS"
        }, 
        {
            "domains": [
                "3*", 
                "2*", 
                "1*", 
                "5", 
                "6"
            ], 
            "name": "PS"
        }, 
        {
            "domains": [
                "6", 
                "7"
            ], 
            "name": "Cat"
        }, 
        {
            "domains": [
                "5", 
                "6"
            ], 
            "name": "SP"
        }, 
        {
            "domains": [
                "1", 
                "2", 
                "3", 
                "4"
            ], 
            "name": "OP"
        }
    ], 
    "resting_complexes": [
        {
            "dot-paren": "..", 
            "strands": [
                "Cat"
            ], 
            "name": "Cat", 
            "structure": [
                [
                    null, 
                    null
                ]
            ]
        }, 
        {
            "dot-paren": "(((.+)))..", 
            "strands": [
                "OP", 
                "PS"
            ], 
            "name": "C1", 
            "structure": [
                [
                    [
                        1, 
                        2
                    ], 
                    [
                        1, 
                        1
                    ], 
                    [
                        1, 
                        0
                    ], 
                    null
                ], 
                [
                    [
                        0, 
                        2
                    ], 
                    [
                        0, 
                        1
                    ], 
                    [
                        0, 
                        0
                    ], 
                    null, 
                    null
                ]
            ]
        }, 
        {
            "dot-paren": ".((...+))", 
            "strands": [
                "BS", 
                "SP"
            ], 
            "name": "C2", 
            "structure": [
                [
                    null, 
                    [
                        1, 
                        1
                    ], 
                    [
                        1, 
                        0
                    ], 
                    null, 
                    null, 
                    null
                ], 
                [
                    [
                        0, 
                        2
                    ], 
                    [
                        0, 
                        1
                    ]
                ]
            ]
        }, 
        {
            "dot-paren": "..", 
            "strands": [
                "SP"
            ], 
            "name": "579", 
            "structure": [
                [
                    null, 
                    null
                ]
            ]
        }, 
        {
            "dot-paren": "((....+))", 
            "strands": [
                "BS", 
                "Cat"
            ], 
            "name": "578", 
            "structure": [
                [
                    [
                        1, 
                        1
                    ], 
                    [
                        1, 
                        0
                    ], 
                    null, 
                    null, 
                    null, 
                    null
                ], 
                [
                    [
                        0, 
                        1
                    ], 
                    [
                        0, 
                        0
                    ]
                ]
            ]
        }, 
        {
            "dot-paren": "....", 
            "strands": [
                "OP"
            ], 
            "name": "589", 
            "structure": [
                [
                    null, 
                    null, 
                    null, 
                    null
                ]
            ]
        }, 
        {
            "dot-paren": ".(((((+)))))", 
            "strands": [
                "BS", 
                "PS"
            ], 
            "name": "593", 
            "structure": [
                [
                    null, 
                    [
                        1, 
                        4
                    ], 
                    [
                        1, 
                        3
                    ], 
                    [
                        1, 
                        2
                    ], 
                    [
                        1, 
                        1
                    ], 
                    [
                        1, 
                        0
                    ]
                ], 
                [
                    [
                        0, 
                        5
                    ], 
                    [
                        0, 
                        4
                    ], 
                    [
                        0, 
                        3
                    ], 
                    [
                        0, 
                        2
                    ], 
                    [
                        0, 
                        1
                    ]
                ]
            ]
        }
    ], 
    "initial_complexes": [
        {
            "dot-paren": "..", 
            "strands": [
                "Cat"
            ], 
            "name": "Cat", 
            "structure": [
                [
                    null, 
                    null
                ]
            ]
        }, 
        {
            "dot-paren": "(((.+)))..", 
            "strands": [
                "OP", 
                "PS"
            ], 
            "name": "C1", 
            "structure": [
                [
                    [
                        1, 
                        2
                    ], 
                    [
                        1, 
                        1
                    ], 
                    [
                        1, 
                        0
                    ], 
                    null
                ], 
                [
                    [
                        0, 
                        2
                    ], 
                    [
                        0, 
                        1
                    ], 
                    [
                        0, 
                        0
                    ], 
                    null, 
                    null
                ]
            ]
        }, 
        {
            "dot-paren": ".((...+))", 
            "strands": [
                "BS", 
                "SP"
            ], 
            "name": "C2", 
            "structure": [
                [
                    null, 
                    [
                        1, 
                        1
                    ], 
                    [
                        1, 
                        0
                    ], 
                    null, 
                    null, 
                    null
                ], 
                [
                    [
                        0, 
                        2
                    ], 
                    [
                        0, 
                        1
                    ]
                ]
            ]
        }
    ], 
    "resting_states": [
        {
            "complexes": [
                "C2"
            ], 
            "name": "115"
        }, 
        {
            "complexes": [
                "C1"
            ], 
            "name": "116"
        }, 
        {
            "complexes": [
                "Cat"
            ], 
            "name": "117"
        }, 
        {
            "complexes": [
                "578"
            ], 
            "name": "118"
        }, 
        {
            "complexes": [
                "579"
            ], 
            "name": "119"
        }, 
        {
            "complexes": [
                "593"
            ], 
            "name": "120"
        }, 
        {
            "complexes": [
                "589"
            ], 
            "name": "121"
        }
    ], 
    "domains": [
        {
            "length": 12, 
            "name": "6*", 
            "is_complement": true
        }, 
        {
            "length": 12, 
            "name": "6", 
            "is_complement": false
        }, 
        {
            "length": 6, 
            "name": "7*", 
            "is_complement": true
        }, 
        {
            "length": 6, 
            "name": "1", 
            "is_complement": false
        }, 
        {
            "length": 6, 
            "name": "3*", 
            "is_complement": true
        }, 
        {
            "length": 6, 
            "name": "3", 
            "is_complement": false
        }, 
        {
            "length": 6, 
            "name": "2", 
            "is_complement": false
        }, 
        {
            "length": 12, 
            "name": "4*", 
            "is_complement": true
        }, 
        {
            "length": 12, 
            "name": "4", 
            "is_complement": false
        }, 
        {
            "length": 6, 
            "name": "7", 
            "is_complement": false
        }, 
        {
            "length": 6, 
            "name": "5*", 
            "is_complement": true
        }, 
        {
            "length": 6, 
            "name": "5", 
            "is_complement": false
        }, 
        {
            "length": 6, 
            "name": "1*", 
            "is_complement": true
        }, 
        {
            "length": 6, 
            "name": "2*", 
            "is_complement": true
        }
    ], 
    "transient_complexes": [
        {
            "dot-paren": "(((...+))+.)", 
            "strands": [
                "BS", 
                "SP", 
                "Cat"
            ], 
            "name": "574", 
            "structure": [
                [
                    [
                        2, 
                        1
                    ], 
                    [
                        1, 
                        1
                    ], 
                    [
                        1, 
                        0
                    ], 
                    null, 
                    null, 
                    null
                ], 
                [
                    [
                        0, 
                        2
                    ], 
                    [
                        0, 
                        1
                    ]
                ], 
                [
                    null, 
                    [
                        0, 
                        0
                    ]
                ]
            ]
        }, 
        {
            "dot-paren": "(((...+).+))", 
            "strands": [
                "BS", 
                "SP", 
                "Cat"
            ], 
            "name": "577", 
            "structure": [
                [
                    [
                        2, 
                        1
                    ], 
                    [
                        2, 
                        0
                    ], 
                    [
                        1, 
                        0
                    ], 
                    null, 
                    null, 
                    null
                ], 
                [
                    [
                        0, 
                        2
                    ], 
                    null
                ], 
                [
                    [
                        0, 
                        1
                    ], 
                    [
                        0, 
                        0
                    ]
                ]
            ]
        }, 
        {
            "dot-paren": ".((...+(((.+)))))", 
            "strands": [
                "BS", 
                "OP", 
                "PS"
            ], 
            "name": "596", 
            "structure": [
                [
                    null, 
                    [
                        2, 
                        4
                    ], 
                    [
                        2, 
                        3
                    ], 
                    null, 
                    null, 
                    null
                ], 
                [
                    [
                        2, 
                        2
                    ], 
                    [
                        2, 
                        1
                    ], 
                    [
                        2, 
                        0
                    ], 
                    null
                ], 
                [
                    [
                        1, 
                        2
                    ], 
                    [
                        1, 
                        1
                    ], 
                    [
                        1, 
                        0
                    ], 
                    [
                        0, 
                        2
                    ], 
                    [
                        0, 
                        1
                    ]
                ]
            ]
        }, 
        {
            "dot-paren": "(((...+(((.+)))))+.)", 
            "strands": [
                "BS", 
                "OP", 
                "PS", 
                "Cat"
            ], 
            "name": "590", 
            "structure": [
                [
                    [
                        3, 
                        1
                    ], 
                    [
                        2, 
                        4
                    ], 
                    [
                        2, 
                        3
                    ], 
                    null, 
                    null, 
                    null
                ], 
                [
                    [
                        2, 
                        2
                    ], 
                    [
                        2, 
                        1
                    ], 
                    [
                        2, 
                        0
                    ], 
                    null
                ], 
                [
                    [
                        1, 
                        2
                    ], 
                    [
                        1, 
                        1
                    ], 
                    [
                        1, 
                        0
                    ], 
                    [
                        0, 
                        2
                    ], 
                    [
                        0, 
                        1
                    ]
                ], 
                [
                    null, 
                    [
                        0, 
                        0
                    ]
                ]
            ]
        }, 
        {
            "dot-paren": "(((...+(((.+)))).+))", 
            "strands": [
                "BS", 
                "OP", 
                "PS", 
                "Cat"
            ], 
            "name": "581", 
            "structure": [
                [
                    [
                        3, 
                        1
                    ], 
                    [
                        3, 
                        0
                    ], 
                    [
                        2, 
                        3
                    ], 
                    null, 
                    null, 
                    null
                ], 
                [
                    [
                        2, 
                        2
                    ], 
                    [
                        2, 
                        1
                    ], 
                    [
                        2, 
                        0
                    ], 
                    null
                ], 
                [
                    [
                        1, 
                        2
                    ], 
                    [
                        1, 
                        1
                    ], 
                    [
                        1, 
                        0
                    ], 
                    [
                        0, 
                        2
                    ], 
                    null
                ], 
                [
                    [
                        0, 
                        1
                    ], 
                    [
                        0, 
                        0
                    ]
                ]
            ]
        }, 
        {
            "dot-paren": "((((((+)))))+.)", 
            "strands": [
                "BS", 
                "PS", 
                "Cat"
            ], 
            "name": "591", 
            "structure": [
                [
                    [
                        2, 
                        1
                    ], 
                    [
                        1, 
                        4
                    ], 
                    [
                        1, 
                        3
                    ], 
                    [
                        1, 
                        2
                    ], 
                    [
                        1, 
                        1
                    ], 
                    [
                        1, 
                        0
                    ]
                ], 
                [
                    [
                        0, 
                        5
                    ], 
                    [
                        0, 
                        4
                    ], 
                    [
                        0, 
                        3
                    ], 
                    [
                        0, 
                        2
                    ], 
                    [
                        0, 
                        1
                    ]
                ], 
                [
                    null, 
                    [
                        0, 
                        0
                    ]
                ]
            ]
        }, 
        {
            "dot-paren": "((((((+)))).+))", 
            "strands": [
                "BS", 
                "PS", 
                "Cat"
            ], 
            "name": "588", 
            "structure": [
                [
                    [
                        2, 
                        1
                    ], 
                    [
                        2, 
                        0
                    ], 
                    [
                        1, 
                        3
                    ], 
                    [
                        1, 
                        2
                    ], 
                    [
                        1, 
                        1
                    ], 
                    [
                        1, 
                        0
                    ]
                ], 
                [
                    [
                        0, 
                        5
                    ], 
                    [
                        0, 
                        4
                    ], 
                    [
                        0, 
                        3
                    ], 
                    [
                        0, 
                        2
                    ], 
                    null
                ], 
                [
                    [
                        0, 
                        1
                    ], 
                    [
                        0, 
                        0
                    ]
                ]
            ]
        }
    ]
}