###### Enumerated Output ######


# Domains 
sequence 1 = : 6
sequence 2 = : 6
sequence 3 = : 6
sequence 4 = : 12
sequence 5 = : 6
sequence 6 = : 12
sequence 7 = : 6


# End-state Complexes 
726
7* 6* 5* 1 2 3 + 6 7
((....+))

741
7* 6* 5* 1 2 3 + 3* 2* 1* 5 6
.(((((+)))))

C2
7* 6* 5* 1 2 3 + 5 6
.((...+))

Cat
6 7
..

737
1 2 3 4
....

C1
1 2 3 4 + 3* 2* 1* 5 6
(((.+)))..

727
5 6
..

###############################


# Fast (Transition) Complexes 
744
7* 6* 5* 1 2 3 + 1 2 3 4 + 3* 2* 1* 5 6
.((...+(((.+)))))

738
7* 6* 5* 1 2 3 + 1 2 3 4 + 3* 2* 1* 5 6 + 6 7
(((...+(((.+)))))+.)

729
7* 6* 5* 1 2 3 + 1 2 3 4 + 3* 2* 1* 5 6 + 6 7
(((...+(((.+)))).+))

739
7* 6* 5* 1 2 3 + 3* 2* 1* 5 6 + 6 7
((((((+)))))+.)

736
7* 6* 5* 1 2 3 + 3* 2* 1* 5 6 + 6 7
((((((+)))).+))

722
7* 6* 5* 1 2 3 + 5 6 + 6 7
(((...+))+.)

725
7* 6* 5* 1 2 3 + 5 6 + 6 7
(((...+).+))

###############################


# Reactions 
726 + C1 -> 729
726 + 727 -> 725
741 + Cat -> 739
C2 + Cat -> 722
744 -> 741 + 737
738 -> 729
738 -> 739 + 737
729 -> 738
729 -> 736 + 737
739 -> 736
736 -> 739
722 -> 725
725 -> 722
738 -> 744 + Cat
729 -> 726 + C1
739 -> 741 + Cat
722 -> C2 + Cat
725 -> 726 + 727
