###### Enumerated Output ######


# Domains 
sequence a = : 6
sequence b = : 6
sequence c = : 6
sequence x = : 6
sequence y = : 6
sequence z = : 6


# End-state Complexes 
A
a x b y z* c* y* b* x*
.(((..)))

B
b y c z x* a* z* c* y*
.(((..)))

C
c z a x y* b* x* a* z*
.(((..)))

I
y* b* x* a*
....

###############################


# Fast (Transition) Complexes 
5831
a x b y z* c* y* b* x* + y* b* x* a*
((((..)))+...)

5837
a x b y z* c* y* b* x* + y* b* x* a*
((((.....+))))

5842
b y c z x* a* z* c* y* + y* b* x* a*
((((..)))+.)..

5846
b y c z x* a* z* c* y* + y* b* x* a*
((((..)).+))..

###############################


# Reactions 
A + I -> 5831 
B + I -> 5842 
5831 -> 5837 
5837 -> 5831 
5842 -> 5846 
5846 -> 5842 
5831 -> A + I 
5842 -> B + I 
