{
    "reactions": [
        {
            "reactants": [
                "A", 
                "I"
            ], 
            "products": [
                "4106"
            ], 
            "name": "bind21"
        }, 
        {
            "reactants": [
                "4106"
            ], 
            "products": [
                "A", 
                "I"
            ], 
            "name": "open"
        }, 
        {
            "reactants": [
                "4106"
            ], 
            "products": [
                "4112"
            ], 
            "name": "branch_3way"
        }, 
        {
            "reactants": [
                "4112"
            ], 
            "products": [
                "4106"
            ], 
            "name": "branch_3way"
        }, 
        {
            "reactants": [
                "B", 
                "I"
            ], 
            "products": [
                "4117"
            ], 
            "name": "bind21"
        }, 
        {
            "reactants": [
                "4117"
            ], 
            "products": [
                "B", 
                "I"
            ], 
            "name": "open"
        }, 
        {
            "reactants": [
                "4117"
            ], 
            "products": [
                "4121"
            ], 
            "name": "branch_3way"
        }, 
        {
            "reactants": [
                "4121"
            ], 
            "products": [
                "4117"
            ], 
            "name": "branch_3way"
        }
    ], 
    "strands": [
        {
            "domains": [
                "y*", 
                "b*", 
                "x*", 
                "a*"
            ], 
            "name": "I"
        }, 
        {
            "domains": [
                "a", 
                "x", 
                "b", 
                "y", 
                "z*", 
                "c*", 
                "y*", 
                "b*", 
                "x*"
            ], 
            "name": "A"
        }, 
        {
            "domains": [
                "c", 
                "z", 
                "a", 
                "x", 
                "y*", 
                "b*", 
                "x*", 
                "a*", 
                "z*"
            ], 
            "name": "C"
        }, 
        {
            "domains": [
                "b", 
                "y", 
                "c", 
                "z", 
                "x*", 
                "a*", 
                "z*", 
                "c*", 
                "y*"
            ], 
            "name": "B"
        }
    ], 
    "resting_complexes": [
        {
            "dot-paren-full": "........................", 
            "dot-paren": "....", 
            "strands": [
                "I"
            ], 
            "name": "I", 
            "structure": [
                [
                    null, 
                    null, 
                    null, 
                    null
                ]
            ]
        }, 
        {
            "dot-paren-full": "......((((((((((((((((((............))))))))))))))))))", 
            "dot-paren": ".(((..)))", 
            "strands": [
                "A"
            ], 
            "name": "A", 
            "structure": [
                [
                    null, 
                    [
                        0, 
                        8
                    ], 
                    [
                        0, 
                        7
                    ], 
                    [
                        0, 
                        6
                    ], 
                    null, 
                    null, 
                    [
                        0, 
                        3
                    ], 
                    [
                        0, 
                        2
                    ], 
                    [
                        0, 
                        1
                    ]
                ]
            ]
        }, 
        {
            "dot-paren-full": "......((((((((((((((((((............))))))))))))))))))", 
            "dot-paren": ".(((..)))", 
            "strands": [
                "B"
            ], 
            "name": "B", 
            "structure": [
                [
                    null, 
                    [
                        0, 
                        8
                    ], 
                    [
                        0, 
                        7
                    ], 
                    [
                        0, 
                        6
                    ], 
                    null, 
                    null, 
                    [
                        0, 
                        3
                    ], 
                    [
                        0, 
                        2
                    ], 
                    [
                        0, 
                        1
                    ]
                ]
            ]
        }, 
        {
            "dot-paren-full": "......((((((((((((((((((............))))))))))))))))))", 
            "dot-paren": ".(((..)))", 
            "strands": [
                "C"
            ], 
            "name": "C", 
            "structure": [
                [
                    null, 
                    [
                        0, 
                        8
                    ], 
                    [
                        0, 
                        7
                    ], 
                    [
                        0, 
                        6
                    ], 
                    null, 
                    null, 
                    [
                        0, 
                        3
                    ], 
                    [
                        0, 
                        2
                    ], 
                    [
                        0, 
                        1
                    ]
                ]
            ]
        }
    ], 
    "initial_complexes": [
        {
            "dot-paren-full": "........................", 
            "dot-paren": "....", 
            "strands": [
                "I"
            ], 
            "name": "I", 
            "structure": [
                [
                    null, 
                    null, 
                    null, 
                    null
                ]
            ]
        }, 
        {
            "dot-paren-full": "......((((((((((((((((((............))))))))))))))))))", 
            "dot-paren": ".(((..)))", 
            "strands": [
                "A"
            ], 
            "name": "A", 
            "structure": [
                [
                    null, 
                    [
                        0, 
                        8
                    ], 
                    [
                        0, 
                        7
                    ], 
                    [
                        0, 
                        6
                    ], 
                    null, 
                    null, 
                    [
                        0, 
                        3
                    ], 
                    [
                        0, 
                        2
                    ], 
                    [
                        0, 
                        1
                    ]
                ]
            ]
        }, 
        {
            "dot-paren-full": "......((((((((((((((((((............))))))))))))))))))", 
            "dot-paren": ".(((..)))", 
            "strands": [
                "B"
            ], 
            "name": "B", 
            "structure": [
                [
                    null, 
                    [
                        0, 
                        8
                    ], 
                    [
                        0, 
                        7
                    ], 
                    [
                        0, 
                        6
                    ], 
                    null, 
                    null, 
                    [
                        0, 
                        3
                    ], 
                    [
                        0, 
                        2
                    ], 
                    [
                        0, 
                        1
                    ]
                ]
            ]
        }, 
        {
            "dot-paren-full": "......((((((((((((((((((............))))))))))))))))))", 
            "dot-paren": ".(((..)))", 
            "strands": [
                "C"
            ], 
            "name": "C", 
            "structure": [
                [
                    null, 
                    [
                        0, 
                        8
                    ], 
                    [
                        0, 
                        7
                    ], 
                    [
                        0, 
                        6
                    ], 
                    null, 
                    null, 
                    [
                        0, 
                        3
                    ], 
                    [
                        0, 
                        2
                    ], 
                    [
                        0, 
                        1
                    ]
                ]
            ]
        }
    ], 
    "resting_states": [
        {
            "complexes": [
                "C"
            ], 
            "name": "C"
        }, 
        {
            "complexes": [
                "B"
            ], 
            "name": "B"
        }, 
        {
            "complexes": [
                "A"
            ], 
            "name": "A"
        }, 
        {
            "complexes": [
                "I"
            ], 
            "name": "I"
        }
    ], 
    "domains": [
        {
            "length": 6, 
            "name": "a", 
            "is_complement": false
        }, 
        {
            "length": 6, 
            "name": "c*", 
            "is_complement": true
        }, 
        {
            "length": 6, 
            "name": "c", 
            "is_complement": false
        }, 
        {
            "length": 6, 
            "name": "b", 
            "is_complement": false
        }, 
        {
            "length": 6, 
            "name": "z*", 
            "is_complement": true
        }, 
        {
            "length": 6, 
            "name": "a*", 
            "is_complement": true
        }, 
        {
            "length": 6, 
            "name": "b*", 
            "is_complement": true
        }, 
        {
            "length": 6, 
            "name": "y*", 
            "is_complement": true
        }, 
        {
            "length": 6, 
            "name": "y", 
            "is_complement": false
        }, 
        {
            "length": 6, 
            "name": "x", 
            "is_complement": false
        }, 
        {
            "length": 6, 
            "name": "z", 
            "is_complement": false
        }, 
        {
            "length": 6, 
            "name": "x*", 
            "is_complement": true
        }
    ], 
    "transient_complexes": [
        {
            "dot-paren-full": "((((((((((((((((((((((((............))))))))))))))))))+..................))))))", 
            "dot-paren": "((((..)))+...)", 
            "strands": [
                "A", 
                "I"
            ], 
            "name": "4106", 
            "structure": [
                [
                    [
                        1, 
                        3
                    ], 
                    [
                        0, 
                        8
                    ], 
                    [
                        0, 
                        7
                    ], 
                    [
                        0, 
                        6
                    ], 
                    null, 
                    null, 
                    [
                        0, 
                        3
                    ], 
                    [
                        0, 
                        2
                    ], 
                    [
                        0, 
                        1
                    ]
                ], 
                [
                    null, 
                    null, 
                    null, 
                    [
                        0, 
                        0
                    ]
                ]
            ]
        }, 
        {
            "dot-paren-full": "((((((((((((((((((((((((..............................+))))))))))))))))))))))))", 
            "dot-paren": "((((.....+))))", 
            "strands": [
                "A", 
                "I"
            ], 
            "name": "4112", 
            "structure": [
                [
                    [
                        1, 
                        3
                    ], 
                    [
                        1, 
                        2
                    ], 
                    [
                        1, 
                        1
                    ], 
                    [
                        1, 
                        0
                    ], 
                    null, 
                    null, 
                    null, 
                    null, 
                    null
                ], 
                [
                    [
                        0, 
                        3
                    ], 
                    [
                        0, 
                        2
                    ], 
                    [
                        0, 
                        1
                    ], 
                    [
                        0, 
                        0
                    ]
                ]
            ]
        }, 
        {
            "dot-paren-full": "((((((((((((((((((((((((............))))))))))))))))))+......))))))............", 
            "dot-paren": "((((..)))+.)..", 
            "strands": [
                "B", 
                "I"
            ], 
            "name": "4117", 
            "structure": [
                [
                    [
                        1, 
                        1
                    ], 
                    [
                        0, 
                        8
                    ], 
                    [
                        0, 
                        7
                    ], 
                    [
                        0, 
                        6
                    ], 
                    null, 
                    null, 
                    [
                        0, 
                        3
                    ], 
                    [
                        0, 
                        2
                    ], 
                    [
                        0, 
                        1
                    ]
                ], 
                [
                    null, 
                    [
                        0, 
                        0
                    ], 
                    null, 
                    null
                ]
            ]
        }, 
        {
            "dot-paren-full": "((((((((((((((((((((((((............))))))))))))......+))))))))))))............", 
            "dot-paren": "((((..)).+))..", 
            "strands": [
                "B", 
                "I"
            ], 
            "name": "4121", 
            "structure": [
                [
                    [
                        1, 
                        1
                    ], 
                    [
                        1, 
                        0
                    ], 
                    [
                        0, 
                        7
                    ], 
                    [
                        0, 
                        6
                    ], 
                    null, 
                    null, 
                    [
                        0, 
                        3
                    ], 
                    [
                        0, 
                        2
                    ], 
                    null
                ], 
                [
                    [
                        0, 
                        1
                    ], 
                    [
                        0, 
                        0
                    ], 
                    null, 
                    null
                ]
            ]
        }
    ]
}