{
    "reactions": [
        {
            "reactants": [
                "C2", 
                "Cat"
            ], 
            "products": [
                "2036"
            ], 
            "name": "bind21"
        }, 
        {
            "reactants": [
                "2036"
            ], 
            "products": [
                "C2", 
                "Cat"
            ], 
            "name": "open"
        }, 
        {
            "reactants": [
                "2036"
            ], 
            "products": [
                "2040"
            ], 
            "name": "branch_3way"
        }, 
        {
            "reactants": [
                "2040"
            ], 
            "products": [
                "2042", 
                "2043"
            ], 
            "name": "open"
        }, 
        {
            "reactants": [
                "2040"
            ], 
            "products": [
                "2036"
            ], 
            "name": "branch_3way"
        }, 
        {
            "reactants": [
                "2042", 
                "C1"
            ], 
            "products": [
                "2048"
            ], 
            "name": "bind21"
        }, 
        {
            "reactants": [
                "2042", 
                "2043"
            ], 
            "products": [
                "2040"
            ], 
            "name": "bind21"
        }, 
        {
            "reactants": [
                "2048"
            ], 
            "products": [
                "2042", 
                "C1"
            ], 
            "name": "open"
        }, 
        {
            "reactants": [
                "2048"
            ], 
            "products": [
                "2059"
            ], 
            "name": "branch_3way"
        }, 
        {
            "reactants": [
                "2048"
            ], 
            "products": [
                "2057", 
                "2058"
            ], 
            "name": "branch_3way"
        }, 
        {
            "reactants": [
                "2057"
            ], 
            "products": [
                "2060"
            ], 
            "name": "branch_3way"
        }, 
        {
            "reactants": [
                "2060"
            ], 
            "products": [
                "2063", 
                "Cat"
            ], 
            "name": "open"
        }, 
        {
            "reactants": [
                "2060"
            ], 
            "products": [
                "2057"
            ], 
            "name": "branch_3way"
        }, 
        {
            "reactants": [
                "2059"
            ], 
            "products": [
                "2067", 
                "Cat"
            ], 
            "name": "open"
        }, 
        {
            "reactants": [
                "2059"
            ], 
            "products": [
                "2048"
            ], 
            "name": "branch_3way"
        }, 
        {
            "reactants": [
                "2059"
            ], 
            "products": [
                "2060", 
                "2058"
            ], 
            "name": "branch_3way"
        }, 
        {
            "reactants": [
                "2067"
            ], 
            "products": [
                "2063", 
                "2058"
            ], 
            "name": "branch_3way"
        }, 
        {
            "reactants": [
                "2063", 
                "Cat"
            ], 
            "products": [
                "2060"
            ], 
            "name": "bind21"
        }
    ], 
    "strands": [
        {
            "domains": [
                "7*", 
                "6*", 
                "5*", 
                "1", 
                "2", 
                "3"
            ], 
            "name": "BS"
        }, 
        {
            "domains": [
                "3*", 
                "2*", 
                "1*", 
                "5", 
                "6"
            ], 
            "name": "PS"
        }, 
        {
            "domains": [
                "6", 
                "7"
            ], 
            "name": "Cat"
        }, 
        {
            "domains": [
                "5", 
                "6"
            ], 
            "name": "SP"
        }, 
        {
            "domains": [
                "1", 
                "2", 
                "3", 
                "4"
            ], 
            "name": "OP"
        }
    ], 
    "resting_complexes": [
        {
            "dot-paren-full": "..................", 
            "dot-paren": "..", 
            "strands": [
                "Cat"
            ], 
            "name": "Cat", 
            "structure": [
                [
                    null, 
                    null
                ]
            ]
        }, 
        {
            "dot-paren-full": "((((((((((((((((((............+))))))))))))))))))..................", 
            "dot-paren": "(((.+)))..", 
            "strands": [
                "OP", 
                "PS"
            ], 
            "name": "C1", 
            "structure": [
                [
                    [
                        1, 
                        2
                    ], 
                    [
                        1, 
                        1
                    ], 
                    [
                        1, 
                        0
                    ], 
                    null
                ], 
                [
                    [
                        0, 
                        2
                    ], 
                    [
                        0, 
                        1
                    ], 
                    [
                        0, 
                        0
                    ], 
                    null, 
                    null
                ]
            ]
        }, 
        {
            "dot-paren-full": "......((((((((((((((((((..................+))))))))))))))))))", 
            "dot-paren": ".((...+))", 
            "strands": [
                "BS", 
                "SP"
            ], 
            "name": "C2", 
            "structure": [
                [
                    null, 
                    [
                        1, 
                        1
                    ], 
                    [
                        1, 
                        0
                    ], 
                    null, 
                    null, 
                    null
                ], 
                [
                    [
                        0, 
                        2
                    ], 
                    [
                        0, 
                        1
                    ]
                ]
            ]
        }, 
        {
            "dot-paren-full": "..................", 
            "dot-paren": "..", 
            "strands": [
                "SP"
            ], 
            "name": "2043", 
            "structure": [
                [
                    null, 
                    null
                ]
            ]
        }, 
        {
            "dot-paren-full": "((((((((((((((((((........................+))))))))))))))))))", 
            "dot-paren": "((....+))", 
            "strands": [
                "BS", 
                "Cat"
            ], 
            "name": "2042", 
            "structure": [
                [
                    [
                        1, 
                        1
                    ], 
                    [
                        1, 
                        0
                    ], 
                    null, 
                    null, 
                    null, 
                    null
                ], 
                [
                    [
                        0, 
                        1
                    ], 
                    [
                        0, 
                        0
                    ]
                ]
            ]
        }, 
        {
            "dot-paren-full": "..............................", 
            "dot-paren": "....", 
            "strands": [
                "OP"
            ], 
            "name": "2058", 
            "structure": [
                [
                    null, 
                    null, 
                    null, 
                    null
                ]
            ]
        }, 
        {
            "dot-paren-full": "......((((((((((((((((((((((((((((((((((((+))))))))))))))))))))))))))))))))))))", 
            "dot-paren": ".(((((+)))))", 
            "strands": [
                "BS", 
                "PS"
            ], 
            "name": "2063", 
            "structure": [
                [
                    null, 
                    [
                        1, 
                        4
                    ], 
                    [
                        1, 
                        3
                    ], 
                    [
                        1, 
                        2
                    ], 
                    [
                        1, 
                        1
                    ], 
                    [
                        1, 
                        0
                    ]
                ], 
                [
                    [
                        0, 
                        5
                    ], 
                    [
                        0, 
                        4
                    ], 
                    [
                        0, 
                        3
                    ], 
                    [
                        0, 
                        2
                    ], 
                    [
                        0, 
                        1
                    ]
                ]
            ]
        }
    ], 
    "initial_complexes": [
        {
            "dot-paren-full": "..................", 
            "dot-paren": "..", 
            "strands": [
                "Cat"
            ], 
            "name": "Cat", 
            "structure": [
                [
                    null, 
                    null
                ]
            ]
        }, 
        {
            "dot-paren-full": "((((((((((((((((((............+))))))))))))))))))..................", 
            "dot-paren": "(((.+)))..", 
            "strands": [
                "OP", 
                "PS"
            ], 
            "name": "C1", 
            "structure": [
                [
                    [
                        1, 
                        2
                    ], 
                    [
                        1, 
                        1
                    ], 
                    [
                        1, 
                        0
                    ], 
                    null
                ], 
                [
                    [
                        0, 
                        2
                    ], 
                    [
                        0, 
                        1
                    ], 
                    [
                        0, 
                        0
                    ], 
                    null, 
                    null
                ]
            ]
        }, 
        {
            "dot-paren-full": "......((((((((((((((((((..................+))))))))))))))))))", 
            "dot-paren": ".((...+))", 
            "strands": [
                "BS", 
                "SP"
            ], 
            "name": "C2", 
            "structure": [
                [
                    null, 
                    [
                        1, 
                        1
                    ], 
                    [
                        1, 
                        0
                    ], 
                    null, 
                    null, 
                    null
                ], 
                [
                    [
                        0, 
                        2
                    ], 
                    [
                        0, 
                        1
                    ]
                ]
            ]
        }
    ], 
    "resting_states": [
        {
            "complexes": [
                "C2"
            ], 
            "name": "C2"
        }, 
        {
            "complexes": [
                "C1"
            ], 
            "name": "C1"
        }, 
        {
            "complexes": [
                "Cat"
            ], 
            "name": "Cat"
        }, 
        {
            "complexes": [
                "2042"
            ], 
            "name": "2042"
        }, 
        {
            "complexes": [
                "2043"
            ], 
            "name": "2043"
        }, 
        {
            "complexes": [
                "2063"
            ], 
            "name": "2063"
        }, 
        {
            "complexes": [
                "2058"
            ], 
            "name": "2058"
        }
    ], 
    "domains": [
        {
            "length": 12, 
            "name": "6*", 
            "is_complement": true
        }, 
        {
            "length": 12, 
            "name": "6", 
            "is_complement": false
        }, 
        {
            "length": 6, 
            "name": "7*", 
            "is_complement": true
        }, 
        {
            "length": 6, 
            "name": "1", 
            "is_complement": false
        }, 
        {
            "length": 6, 
            "name": "3*", 
            "is_complement": true
        }, 
        {
            "length": 6, 
            "name": "3", 
            "is_complement": false
        }, 
        {
            "length": 6, 
            "name": "2", 
            "is_complement": false
        }, 
        {
            "length": 12, 
            "name": "4*", 
            "is_complement": true
        }, 
        {
            "length": 12, 
            "name": "4", 
            "is_complement": false
        }, 
        {
            "length": 6, 
            "name": "7", 
            "is_complement": false
        }, 
        {
            "length": 6, 
            "name": "5*", 
            "is_complement": true
        }, 
        {
            "length": 6, 
            "name": "5", 
            "is_complement": false
        }, 
        {
            "length": 6, 
            "name": "1*", 
            "is_complement": true
        }, 
        {
            "length": 6, 
            "name": "2*", 
            "is_complement": true
        }
    ], 
    "transient_complexes": [
        {
            "dot-paren-full": "((((((((((((((((((((((((..................+))))))))))))))))))+............))))))", 
            "dot-paren": "(((...+))+.)", 
            "strands": [
                "BS", 
                "SP", 
                "Cat"
            ], 
            "name": "2036", 
            "structure": [
                [
                    [
                        2, 
                        1
                    ], 
                    [
                        1, 
                        1
                    ], 
                    [
                        1, 
                        0
                    ], 
                    null, 
                    null, 
                    null
                ], 
                [
                    [
                        0, 
                        2
                    ], 
                    [
                        0, 
                        1
                    ]
                ], 
                [
                    null, 
                    [
                        0, 
                        0
                    ]
                ]
            ]
        }, 
        {
            "dot-paren-full": "((((((((((((((((((((((((..................+))))))............+))))))))))))))))))", 
            "dot-paren": "(((...+).+))", 
            "strands": [
                "BS", 
                "SP", 
                "Cat"
            ], 
            "name": "2040", 
            "structure": [
                [
                    [
                        2, 
                        1
                    ], 
                    [
                        2, 
                        0
                    ], 
                    [
                        1, 
                        0
                    ], 
                    null, 
                    null, 
                    null
                ], 
                [
                    [
                        0, 
                        2
                    ], 
                    null
                ], 
                [
                    [
                        0, 
                        1
                    ], 
                    [
                        0, 
                        0
                    ]
                ]
            ]
        }, 
        {
            "dot-paren-full": "......((((((((((((((((((..................+((((((((((((((((((............+))))))))))))))))))))))))))))))))))))", 
            "dot-paren": ".((...+(((.+)))))", 
            "strands": [
                "BS", 
                "OP", 
                "PS"
            ], 
            "name": "2067", 
            "structure": [
                [
                    null, 
                    [
                        2, 
                        4
                    ], 
                    [
                        2, 
                        3
                    ], 
                    null, 
                    null, 
                    null
                ], 
                [
                    [
                        2, 
                        2
                    ], 
                    [
                        2, 
                        1
                    ], 
                    [
                        2, 
                        0
                    ], 
                    null
                ], 
                [
                    [
                        1, 
                        2
                    ], 
                    [
                        1, 
                        1
                    ], 
                    [
                        1, 
                        0
                    ], 
                    [
                        0, 
                        2
                    ], 
                    [
                        0, 
                        1
                    ]
                ]
            ]
        }, 
        {
            "dot-paren-full": "((((((((((((((((((((((((..................+((((((((((((((((((............+))))))))))))))))))))))))))))))))))))+............))))))", 
            "dot-paren": "(((...+(((.+)))))+.)", 
            "strands": [
                "BS", 
                "OP", 
                "PS", 
                "Cat"
            ], 
            "name": "2059", 
            "structure": [
                [
                    [
                        3, 
                        1
                    ], 
                    [
                        2, 
                        4
                    ], 
                    [
                        2, 
                        3
                    ], 
                    null, 
                    null, 
                    null
                ], 
                [
                    [
                        2, 
                        2
                    ], 
                    [
                        2, 
                        1
                    ], 
                    [
                        2, 
                        0
                    ], 
                    null
                ], 
                [
                    [
                        1, 
                        2
                    ], 
                    [
                        1, 
                        1
                    ], 
                    [
                        1, 
                        0
                    ], 
                    [
                        0, 
                        2
                    ], 
                    [
                        0, 
                        1
                    ]
                ], 
                [
                    null, 
                    [
                        0, 
                        0
                    ]
                ]
            ]
        }, 
        {
            "dot-paren-full": "((((((((((((((((((((((((..................+((((((((((((((((((............+))))))))))))))))))))))))............+))))))))))))))))))", 
            "dot-paren": "(((...+(((.+)))).+))", 
            "strands": [
                "BS", 
                "OP", 
                "PS", 
                "Cat"
            ], 
            "name": "2048", 
            "structure": [
                [
                    [
                        3, 
                        1
                    ], 
                    [
                        3, 
                        0
                    ], 
                    [
                        2, 
                        3
                    ], 
                    null, 
                    null, 
                    null
                ], 
                [
                    [
                        2, 
                        2
                    ], 
                    [
                        2, 
                        1
                    ], 
                    [
                        2, 
                        0
                    ], 
                    null
                ], 
                [
                    [
                        1, 
                        2
                    ], 
                    [
                        1, 
                        1
                    ], 
                    [
                        1, 
                        0
                    ], 
                    [
                        0, 
                        2
                    ], 
                    null
                ], 
                [
                    [
                        0, 
                        1
                    ], 
                    [
                        0, 
                        0
                    ]
                ]
            ]
        }, 
        {
            "dot-paren-full": "((((((((((((((((((((((((((((((((((((((((((+))))))))))))))))))))))))))))))))))))+............))))))", 
            "dot-paren": "((((((+)))))+.)", 
            "strands": [
                "BS", 
                "PS", 
                "Cat"
            ], 
            "name": "2060", 
            "structure": [
                [
                    [
                        2, 
                        1
                    ], 
                    [
                        1, 
                        4
                    ], 
                    [
                        1, 
                        3
                    ], 
                    [
                        1, 
                        2
                    ], 
                    [
                        1, 
                        1
                    ], 
                    [
                        1, 
                        0
                    ]
                ], 
                [
                    [
                        0, 
                        5
                    ], 
                    [
                        0, 
                        4
                    ], 
                    [
                        0, 
                        3
                    ], 
                    [
                        0, 
                        2
                    ], 
                    [
                        0, 
                        1
                    ]
                ], 
                [
                    null, 
                    [
                        0, 
                        0
                    ]
                ]
            ]
        }, 
        {
            "dot-paren-full": "((((((((((((((((((((((((((((((((((((((((((+))))))))))))))))))))))))............+))))))))))))))))))", 
            "dot-paren": "((((((+)))).+))", 
            "strands": [
                "BS", 
                "PS", 
                "Cat"
            ], 
            "name": "2057", 
            "structure": [
                [
                    [
                        2, 
                        1
                    ], 
                    [
                        2, 
                        0
                    ], 
                    [
                        1, 
                        3
                    ], 
                    [
                        1, 
                        2
                    ], 
                    [
                        1, 
                        1
                    ], 
                    [
                        1, 
                        0
                    ]
                ], 
                [
                    [
                        0, 
                        5
                    ], 
                    [
                        0, 
                        4
                    ], 
                    [
                        0, 
                        3
                    ], 
                    [
                        0, 
                        2
                    ], 
                    null
                ], 
                [
                    [
                        0, 
                        1
                    ], 
                    [
                        0, 
                        0
                    ]
                ]
            ]
        }
    ]
}