###### Enumerated Output ######


# Domains 
sequence a = : 12
sequence b = : 12


# End-state Complexes 
C1
a b
..

6133
a b + a*
(.+)

C2
a*
.

###############################


# Fast (Transition) Complexes 
###############################


# Reactions 
C1 + C2 -> 6133 
###############################


# Condensed Reactions 
C1 + C2 -> 6133 
