###### Enumerated Output ######


# Domains 
sequence 1 = : 6
sequence 2 = : 6
sequence 3 = : 6
sequence 4 = : 12
sequence 5 = : 6
sequence 6 = : 12
sequence 7 = : 6


# End-state Complexes 
5644
7* 6* 5* 1 2 3 + 6 7
((....+))

5665
7* 6* 5* 1 2 3 + 3* 2* 1* 5 6
.(((((+)))))

C2
7* 6* 5* 1 2 3 + 5 6
.((...+))

Cat
6 7
..

5660
1 2 3 4
....

C1
1 2 3 4 + 3* 2* 1* 5 6
(((.+)))..

5645
5 6
..

###############################


# Fast (Transition) Complexes 
5669
7* 6* 5* 1 2 3 + 1 2 3 4 + 3* 2* 1* 5 6
.((...+(((.+)))))

5661
7* 6* 5* 1 2 3 + 1 2 3 4 + 3* 2* 1* 5 6 + 6 7
(((...+(((.+)))))+.)

5650
7* 6* 5* 1 2 3 + 1 2 3 4 + 3* 2* 1* 5 6 + 6 7
(((...+(((.+)))).+))

5662
7* 6* 5* 1 2 3 + 3* 2* 1* 5 6 + 6 7
((((((+)))))+.)

5659
7* 6* 5* 1 2 3 + 3* 2* 1* 5 6 + 6 7
((((((+)))).+))

5638
7* 6* 5* 1 2 3 + 5 6 + 6 7
(((...+))+.)

5642
7* 6* 5* 1 2 3 + 5 6 + 6 7
(((...+).+))

###############################


# Reactions 
5644 + C1 -> 5650 
5644 + 5645 -> 5642 
5665 + Cat -> 5662 
C2 + Cat -> 5638 
5669 -> 5665 + 5660 
5661 -> 5650 
5661 -> 5662 + 5660 
5650 -> 5661 
5650 -> 5659 + 5660 
5662 -> 5659 
5659 -> 5662 
5638 -> 5642 
5642 -> 5638 
5661 -> 5669 + Cat 
5650 -> 5644 + C1 
5662 -> 5665 + Cat 
5638 -> C2 + Cat 
5642 -> 5644 + 5645 
