{
    "reactions": [
        {
            "reactants": [
                "C2", 
                "Cat"
            ], 
            "products": [
                "3913"
            ], 
            "name": "bind21"
        }, 
        {
            "reactants": [
                "3913"
            ], 
            "products": [
                "C2", 
                "Cat"
            ], 
            "name": "open"
        }, 
        {
            "reactants": [
                "3913"
            ], 
            "products": [
                "3917"
            ], 
            "name": "branch_3way"
        }, 
        {
            "reactants": [
                "3917"
            ], 
            "products": [
                "3919", 
                "3920"
            ], 
            "name": "open"
        }, 
        {
            "reactants": [
                "3917"
            ], 
            "products": [
                "3913"
            ], 
            "name": "branch_3way"
        }, 
        {
            "reactants": [
                "3919", 
                "C1"
            ], 
            "products": [
                "3925"
            ], 
            "name": "bind21"
        }, 
        {
            "reactants": [
                "3919", 
                "3920"
            ], 
            "products": [
                "3917"
            ], 
            "name": "bind21"
        }, 
        {
            "reactants": [
                "3925"
            ], 
            "products": [
                "3919", 
                "C1"
            ], 
            "name": "open"
        }, 
        {
            "reactants": [
                "3925"
            ], 
            "products": [
                "3936"
            ], 
            "name": "branch_3way"
        }, 
        {
            "reactants": [
                "3925"
            ], 
            "products": [
                "3934", 
                "3935"
            ], 
            "name": "branch_3way"
        }, 
        {
            "reactants": [
                "3934"
            ], 
            "products": [
                "3937"
            ], 
            "name": "branch_3way"
        }, 
        {
            "reactants": [
                "3937"
            ], 
            "products": [
                "3940", 
                "Cat"
            ], 
            "name": "open"
        }, 
        {
            "reactants": [
                "3937"
            ], 
            "products": [
                "3934"
            ], 
            "name": "branch_3way"
        }, 
        {
            "reactants": [
                "3936"
            ], 
            "products": [
                "3944", 
                "Cat"
            ], 
            "name": "open"
        }, 
        {
            "reactants": [
                "3936"
            ], 
            "products": [
                "3925"
            ], 
            "name": "branch_3way"
        }, 
        {
            "reactants": [
                "3936"
            ], 
            "products": [
                "3937", 
                "3935"
            ], 
            "name": "branch_3way"
        }, 
        {
            "reactants": [
                "3944"
            ], 
            "products": [
                "3940", 
                "3935"
            ], 
            "name": "branch_3way"
        }, 
        {
            "reactants": [
                "3940", 
                "Cat"
            ], 
            "products": [
                "3937"
            ], 
            "name": "bind21"
        }
    ], 
    "strands": [
        {
            "domains": [
                "7*", 
                "6*", 
                "5*", 
                "1", 
                "2", 
                "3"
            ], 
            "name": "BS"
        }, 
        {
            "domains": [
                "3*", 
                "2*", 
                "1*", 
                "5", 
                "6"
            ], 
            "name": "PS"
        }, 
        {
            "domains": [
                "6", 
                "7"
            ], 
            "name": "Cat"
        }, 
        {
            "domains": [
                "5", 
                "6"
            ], 
            "name": "SP"
        }, 
        {
            "domains": [
                "1", 
                "2", 
                "3", 
                "4"
            ], 
            "name": "OP"
        }
    ], 
    "resting_complexes": [
        {
            "dot-paren-full": "..................", 
            "dot-paren": "..", 
            "strands": [
                "Cat"
            ], 
            "name": "Cat", 
            "structure": [
                [
                    null, 
                    null
                ]
            ]
        }, 
        {
            "dot-paren-full": "((((((((((((((((((............+))))))))))))))))))..................", 
            "dot-paren": "(((.+)))..", 
            "strands": [
                "OP", 
                "PS"
            ], 
            "name": "C1", 
            "structure": [
                [
                    [
                        1, 
                        2
                    ], 
                    [
                        1, 
                        1
                    ], 
                    [
                        1, 
                        0
                    ], 
                    null
                ], 
                [
                    [
                        0, 
                        2
                    ], 
                    [
                        0, 
                        1
                    ], 
                    [
                        0, 
                        0
                    ], 
                    null, 
                    null
                ]
            ]
        }, 
        {
            "dot-paren-full": "......((((((((((((((((((..................+))))))))))))))))))", 
            "dot-paren": ".((...+))", 
            "strands": [
                "BS", 
                "SP"
            ], 
            "name": "C2", 
            "structure": [
                [
                    null, 
                    [
                        1, 
                        1
                    ], 
                    [
                        1, 
                        0
                    ], 
                    null, 
                    null, 
                    null
                ], 
                [
                    [
                        0, 
                        2
                    ], 
                    [
                        0, 
                        1
                    ]
                ]
            ]
        }, 
        {
            "dot-paren-full": "..................", 
            "dot-paren": "..", 
            "strands": [
                "SP"
            ], 
            "name": "3920", 
            "structure": [
                [
                    null, 
                    null
                ]
            ]
        }, 
        {
            "dot-paren-full": "((((((((((((((((((........................+))))))))))))))))))", 
            "dot-paren": "((....+))", 
            "strands": [
                "BS", 
                "Cat"
            ], 
            "name": "3919", 
            "structure": [
                [
                    [
                        1, 
                        1
                    ], 
                    [
                        1, 
                        0
                    ], 
                    null, 
                    null, 
                    null, 
                    null
                ], 
                [
                    [
                        0, 
                        1
                    ], 
                    [
                        0, 
                        0
                    ]
                ]
            ]
        }, 
        {
            "dot-paren-full": "..............................", 
            "dot-paren": "....", 
            "strands": [
                "OP"
            ], 
            "name": "3935", 
            "structure": [
                [
                    null, 
                    null, 
                    null, 
                    null
                ]
            ]
        }, 
        {
            "dot-paren-full": "......((((((((((((((((((((((((((((((((((((+))))))))))))))))))))))))))))))))))))", 
            "dot-paren": ".(((((+)))))", 
            "strands": [
                "BS", 
                "PS"
            ], 
            "name": "3940", 
            "structure": [
                [
                    null, 
                    [
                        1, 
                        4
                    ], 
                    [
                        1, 
                        3
                    ], 
                    [
                        1, 
                        2
                    ], 
                    [
                        1, 
                        1
                    ], 
                    [
                        1, 
                        0
                    ]
                ], 
                [
                    [
                        0, 
                        5
                    ], 
                    [
                        0, 
                        4
                    ], 
                    [
                        0, 
                        3
                    ], 
                    [
                        0, 
                        2
                    ], 
                    [
                        0, 
                        1
                    ]
                ]
            ]
        }
    ], 
    "initial_complexes": [
        {
            "dot-paren-full": "..................", 
            "dot-paren": "..", 
            "strands": [
                "Cat"
            ], 
            "name": "Cat", 
            "structure": [
                [
                    null, 
                    null
                ]
            ]
        }, 
        {
            "dot-paren-full": "((((((((((((((((((............+))))))))))))))))))..................", 
            "dot-paren": "(((.+)))..", 
            "strands": [
                "OP", 
                "PS"
            ], 
            "name": "C1", 
            "structure": [
                [
                    [
                        1, 
                        2
                    ], 
                    [
                        1, 
                        1
                    ], 
                    [
                        1, 
                        0
                    ], 
                    null
                ], 
                [
                    [
                        0, 
                        2
                    ], 
                    [
                        0, 
                        1
                    ], 
                    [
                        0, 
                        0
                    ], 
                    null, 
                    null
                ]
            ]
        }, 
        {
            "dot-paren-full": "......((((((((((((((((((..................+))))))))))))))))))", 
            "dot-paren": ".((...+))", 
            "strands": [
                "BS", 
                "SP"
            ], 
            "name": "C2", 
            "structure": [
                [
                    null, 
                    [
                        1, 
                        1
                    ], 
                    [
                        1, 
                        0
                    ], 
                    null, 
                    null, 
                    null
                ], 
                [
                    [
                        0, 
                        2
                    ], 
                    [
                        0, 
                        1
                    ]
                ]
            ]
        }
    ], 
    "resting_states": [
        {
            "complexes": [
                "C2"
            ], 
            "name": "C2"
        }, 
        {
            "complexes": [
                "C1"
            ], 
            "name": "C1"
        }, 
        {
            "complexes": [
                "Cat"
            ], 
            "name": "Cat"
        }, 
        {
            "complexes": [
                "3919"
            ], 
            "name": "3919"
        }, 
        {
            "complexes": [
                "3920"
            ], 
            "name": "3920"
        }, 
        {
            "complexes": [
                "3940"
            ], 
            "name": "3940"
        }, 
        {
            "complexes": [
                "3935"
            ], 
            "name": "3935"
        }
    ], 
    "domains": [
        {
            "length": 12, 
            "name": "6*", 
            "is_complement": true
        }, 
        {
            "length": 12, 
            "name": "6", 
            "is_complement": false
        }, 
        {
            "length": 6, 
            "name": "7*", 
            "is_complement": true
        }, 
        {
            "length": 6, 
            "name": "1", 
            "is_complement": false
        }, 
        {
            "length": 6, 
            "name": "3*", 
            "is_complement": true
        }, 
        {
            "length": 6, 
            "name": "3", 
            "is_complement": false
        }, 
        {
            "length": 6, 
            "name": "2", 
            "is_complement": false
        }, 
        {
            "length": 12, 
            "name": "4*", 
            "is_complement": true
        }, 
        {
            "length": 12, 
            "name": "4", 
            "is_complement": false
        }, 
        {
            "length": 6, 
            "name": "7", 
            "is_complement": false
        }, 
        {
            "length": 6, 
            "name": "5*", 
            "is_complement": true
        }, 
        {
            "length": 6, 
            "name": "5", 
            "is_complement": false
        }, 
        {
            "length": 6, 
            "name": "1*", 
            "is_complement": true
        }, 
        {
            "length": 6, 
            "name": "2*", 
            "is_complement": true
        }
    ], 
    "transient_complexes": [
        {
            "dot-paren-full": "((((((((((((((((((((((((..................+))))))))))))))))))+............))))))", 
            "dot-paren": "(((...+))+.)", 
            "strands": [
                "BS", 
                "SP", 
                "Cat"
            ], 
            "name": "3913", 
            "structure": [
                [
                    [
                        2, 
                        1
                    ], 
                    [
                        1, 
                        1
                    ], 
                    [
                        1, 
                        0
                    ], 
                    null, 
                    null, 
                    null
                ], 
                [
                    [
                        0, 
                        2
                    ], 
                    [
                        0, 
                        1
                    ]
                ], 
                [
                    null, 
                    [
                        0, 
                        0
                    ]
                ]
            ]
        }, 
        {
            "dot-paren-full": "((((((((((((((((((((((((..................+))))))............+))))))))))))))))))", 
            "dot-paren": "(((...+).+))", 
            "strands": [
                "BS", 
                "SP", 
                "Cat"
            ], 
            "name": "3917", 
            "structure": [
                [
                    [
                        2, 
                        1
                    ], 
                    [
                        2, 
                        0
                    ], 
                    [
                        1, 
                        0
                    ], 
                    null, 
                    null, 
                    null
                ], 
                [
                    [
                        0, 
                        2
                    ], 
                    null
                ], 
                [
                    [
                        0, 
                        1
                    ], 
                    [
                        0, 
                        0
                    ]
                ]
            ]
        }, 
        {
            "dot-paren-full": "......((((((((((((((((((..................+((((((((((((((((((............+))))))))))))))))))))))))))))))))))))", 
            "dot-paren": ".((...+(((.+)))))", 
            "strands": [
                "BS", 
                "OP", 
                "PS"
            ], 
            "name": "3944", 
            "structure": [
                [
                    null, 
                    [
                        2, 
                        4
                    ], 
                    [
                        2, 
                        3
                    ], 
                    null, 
                    null, 
                    null
                ], 
                [
                    [
                        2, 
                        2
                    ], 
                    [
                        2, 
                        1
                    ], 
                    [
                        2, 
                        0
                    ], 
                    null
                ], 
                [
                    [
                        1, 
                        2
                    ], 
                    [
                        1, 
                        1
                    ], 
                    [
                        1, 
                        0
                    ], 
                    [
                        0, 
                        2
                    ], 
                    [
                        0, 
                        1
                    ]
                ]
            ]
        }, 
        {
            "dot-paren-full": "((((((((((((((((((((((((..................+((((((((((((((((((............+))))))))))))))))))))))))))))))))))))+............))))))", 
            "dot-paren": "(((...+(((.+)))))+.)", 
            "strands": [
                "BS", 
                "OP", 
                "PS", 
                "Cat"
            ], 
            "name": "3936", 
            "structure": [
                [
                    [
                        3, 
                        1
                    ], 
                    [
                        2, 
                        4
                    ], 
                    [
                        2, 
                        3
                    ], 
                    null, 
                    null, 
                    null
                ], 
                [
                    [
                        2, 
                        2
                    ], 
                    [
                        2, 
                        1
                    ], 
                    [
                        2, 
                        0
                    ], 
                    null
                ], 
                [
                    [
                        1, 
                        2
                    ], 
                    [
                        1, 
                        1
                    ], 
                    [
                        1, 
                        0
                    ], 
                    [
                        0, 
                        2
                    ], 
                    [
                        0, 
                        1
                    ]
                ], 
                [
                    null, 
                    [
                        0, 
                        0
                    ]
                ]
            ]
        }, 
        {
            "dot-paren-full": "((((((((((((((((((((((((..................+((((((((((((((((((............+))))))))))))))))))))))))............+))))))))))))))))))", 
            "dot-paren": "(((...+(((.+)))).+))", 
            "strands": [
                "BS", 
                "OP", 
                "PS", 
                "Cat"
            ], 
            "name": "3925", 
            "structure": [
                [
                    [
                        3, 
                        1
                    ], 
                    [
                        3, 
                        0
                    ], 
                    [
                        2, 
                        3
                    ], 
                    null, 
                    null, 
                    null
                ], 
                [
                    [
                        2, 
                        2
                    ], 
                    [
                        2, 
                        1
                    ], 
                    [
                        2, 
                        0
                    ], 
                    null
                ], 
                [
                    [
                        1, 
                        2
                    ], 
                    [
                        1, 
                        1
                    ], 
                    [
                        1, 
                        0
                    ], 
                    [
                        0, 
                        2
                    ], 
                    null
                ], 
                [
                    [
                        0, 
                        1
                    ], 
                    [
                        0, 
                        0
                    ]
                ]
            ]
        }, 
        {
            "dot-paren-full": "((((((((((((((((((((((((((((((((((((((((((+))))))))))))))))))))))))))))))))))))+............))))))", 
            "dot-paren": "((((((+)))))+.)", 
            "strands": [
                "BS", 
                "PS", 
                "Cat"
            ], 
            "name": "3937", 
            "structure": [
                [
                    [
                        2, 
                        1
                    ], 
                    [
                        1, 
                        4
                    ], 
                    [
                        1, 
                        3
                    ], 
                    [
                        1, 
                        2
                    ], 
                    [
                        1, 
                        1
                    ], 
                    [
                        1, 
                        0
                    ]
                ], 
                [
                    [
                        0, 
                        5
                    ], 
                    [
                        0, 
                        4
                    ], 
                    [
                        0, 
                        3
                    ], 
                    [
                        0, 
                        2
                    ], 
                    [
                        0, 
                        1
                    ]
                ], 
                [
                    null, 
                    [
                        0, 
                        0
                    ]
                ]
            ]
        }, 
        {
            "dot-paren-full": "((((((((((((((((((((((((((((((((((((((((((+))))))))))))))))))))))))............+))))))))))))))))))", 
            "dot-paren": "((((((+)))).+))", 
            "strands": [
                "BS", 
                "PS", 
                "Cat"
            ], 
            "name": "3934", 
            "structure": [
                [
                    [
                        2, 
                        1
                    ], 
                    [
                        2, 
                        0
                    ], 
                    [
                        1, 
                        3
                    ], 
                    [
                        1, 
                        2
                    ], 
                    [
                        1, 
                        1
                    ], 
                    [
                        1, 
                        0
                    ]
                ], 
                [
                    [
                        0, 
                        5
                    ], 
                    [
                        0, 
                        4
                    ], 
                    [
                        0, 
                        3
                    ], 
                    [
                        0, 
                        2
                    ], 
                    null
                ], 
                [
                    [
                        0, 
                        1
                    ], 
                    [
                        0, 
                        0
                    ]
                ]
            ]
        }
    ]
}