{
    "reactions": [
        {
            "reactants": [
                "C2", 
                "Cat"
            ], 
            "products": [
                "4195"
            ], 
            "name": "bind21"
        }, 
        {
            "reactants": [
                "4195"
            ], 
            "products": [
                "C2", 
                "Cat"
            ], 
            "name": "open"
        }, 
        {
            "reactants": [
                "4195"
            ], 
            "products": [
                "4199"
            ], 
            "name": "branch_3way"
        }, 
        {
            "reactants": [
                "4199"
            ], 
            "products": [
                "4201", 
                "4202"
            ], 
            "name": "open"
        }, 
        {
            "reactants": [
                "4199"
            ], 
            "products": [
                "4195"
            ], 
            "name": "branch_3way"
        }, 
        {
            "reactants": [
                "4201", 
                "C1"
            ], 
            "products": [
                "4207"
            ], 
            "name": "bind21"
        }, 
        {
            "reactants": [
                "4201", 
                "4202"
            ], 
            "products": [
                "4199"
            ], 
            "name": "bind21"
        }, 
        {
            "reactants": [
                "4207"
            ], 
            "products": [
                "4201", 
                "C1"
            ], 
            "name": "open"
        }, 
        {
            "reactants": [
                "4207"
            ], 
            "products": [
                "4218"
            ], 
            "name": "branch_3way"
        }, 
        {
            "reactants": [
                "4207"
            ], 
            "products": [
                "4216", 
                "4217"
            ], 
            "name": "branch_3way"
        }, 
        {
            "reactants": [
                "4216"
            ], 
            "products": [
                "4219"
            ], 
            "name": "branch_3way"
        }, 
        {
            "reactants": [
                "4219"
            ], 
            "products": [
                "4222", 
                "Cat"
            ], 
            "name": "open"
        }, 
        {
            "reactants": [
                "4219"
            ], 
            "products": [
                "4216"
            ], 
            "name": "branch_3way"
        }, 
        {
            "reactants": [
                "4218"
            ], 
            "products": [
                "4226", 
                "Cat"
            ], 
            "name": "open"
        }, 
        {
            "reactants": [
                "4218"
            ], 
            "products": [
                "4207"
            ], 
            "name": "branch_3way"
        }, 
        {
            "reactants": [
                "4218"
            ], 
            "products": [
                "4219", 
                "4217"
            ], 
            "name": "branch_3way"
        }, 
        {
            "reactants": [
                "4226"
            ], 
            "products": [
                "4222", 
                "4217"
            ], 
            "name": "branch_3way"
        }, 
        {
            "reactants": [
                "4222", 
                "Cat"
            ], 
            "products": [
                "4219"
            ], 
            "name": "bind21"
        }
    ], 
    "strands": [
        {
            "domains": [
                "7*", 
                "6*", 
                "5*", 
                "1", 
                "2", 
                "3"
            ], 
            "name": "BS"
        }, 
        {
            "domains": [
                "3*", 
                "2*", 
                "1*", 
                "5", 
                "6"
            ], 
            "name": "PS"
        }, 
        {
            "domains": [
                "6", 
                "7"
            ], 
            "name": "Cat"
        }, 
        {
            "domains": [
                "5", 
                "6"
            ], 
            "name": "SP"
        }, 
        {
            "domains": [
                "1", 
                "2", 
                "3", 
                "4"
            ], 
            "name": "OP"
        }
    ], 
    "resting_complexes": [
        {
            "dot-paren-full": "..................", 
            "dot-paren": "..", 
            "strands": [
                "Cat"
            ], 
            "name": "Cat", 
            "structure": [
                [
                    null, 
                    null
                ]
            ]
        }, 
        {
            "dot-paren-full": "((((((((((((((((((............+))))))))))))))))))..................", 
            "dot-paren": "(((.+)))..", 
            "strands": [
                "OP", 
                "PS"
            ], 
            "name": "C1", 
            "structure": [
                [
                    [
                        1, 
                        2
                    ], 
                    [
                        1, 
                        1
                    ], 
                    [
                        1, 
                        0
                    ], 
                    null
                ], 
                [
                    [
                        0, 
                        2
                    ], 
                    [
                        0, 
                        1
                    ], 
                    [
                        0, 
                        0
                    ], 
                    null, 
                    null
                ]
            ]
        }, 
        {
            "dot-paren-full": "......((((((((((((((((((..................+))))))))))))))))))", 
            "dot-paren": ".((...+))", 
            "strands": [
                "BS", 
                "SP"
            ], 
            "name": "C2", 
            "structure": [
                [
                    null, 
                    [
                        1, 
                        1
                    ], 
                    [
                        1, 
                        0
                    ], 
                    null, 
                    null, 
                    null
                ], 
                [
                    [
                        0, 
                        2
                    ], 
                    [
                        0, 
                        1
                    ]
                ]
            ]
        }, 
        {
            "dot-paren-full": "..................", 
            "dot-paren": "..", 
            "strands": [
                "SP"
            ], 
            "name": "4202", 
            "structure": [
                [
                    null, 
                    null
                ]
            ]
        }, 
        {
            "dot-paren-full": "((((((((((((((((((........................+))))))))))))))))))", 
            "dot-paren": "((....+))", 
            "strands": [
                "BS", 
                "Cat"
            ], 
            "name": "4201", 
            "structure": [
                [
                    [
                        1, 
                        1
                    ], 
                    [
                        1, 
                        0
                    ], 
                    null, 
                    null, 
                    null, 
                    null
                ], 
                [
                    [
                        0, 
                        1
                    ], 
                    [
                        0, 
                        0
                    ]
                ]
            ]
        }, 
        {
            "dot-paren-full": "..............................", 
            "dot-paren": "....", 
            "strands": [
                "OP"
            ], 
            "name": "4217", 
            "structure": [
                [
                    null, 
                    null, 
                    null, 
                    null
                ]
            ]
        }, 
        {
            "dot-paren-full": "......((((((((((((((((((((((((((((((((((((+))))))))))))))))))))))))))))))))))))", 
            "dot-paren": ".(((((+)))))", 
            "strands": [
                "BS", 
                "PS"
            ], 
            "name": "4222", 
            "structure": [
                [
                    null, 
                    [
                        1, 
                        4
                    ], 
                    [
                        1, 
                        3
                    ], 
                    [
                        1, 
                        2
                    ], 
                    [
                        1, 
                        1
                    ], 
                    [
                        1, 
                        0
                    ]
                ], 
                [
                    [
                        0, 
                        5
                    ], 
                    [
                        0, 
                        4
                    ], 
                    [
                        0, 
                        3
                    ], 
                    [
                        0, 
                        2
                    ], 
                    [
                        0, 
                        1
                    ]
                ]
            ]
        }
    ], 
    "condensed_reactions": [
        {
            "reactants": [
                "C2", 
                "Cat"
            ], 
            "products": [
                "4201", 
                "4202"
            ], 
            "name": "condensed"
        }, 
        {
            "reactants": [
                "4201", 
                "C1"
            ], 
            "products": [
                "4222", 
                "Cat", 
                "4217"
            ], 
            "name": "condensed"
        }, 
        {
            "reactants": [
                "4201", 
                "4202"
            ], 
            "products": [
                "C2", 
                "Cat"
            ], 
            "name": "condensed"
        }
    ], 
    "initial_complexes": [
        {
            "dot-paren-full": "..................", 
            "dot-paren": "..", 
            "strands": [
                "Cat"
            ], 
            "name": "Cat", 
            "structure": [
                [
                    null, 
                    null
                ]
            ]
        }, 
        {
            "dot-paren-full": "((((((((((((((((((............+))))))))))))))))))..................", 
            "dot-paren": "(((.+)))..", 
            "strands": [
                "OP", 
                "PS"
            ], 
            "name": "C1", 
            "structure": [
                [
                    [
                        1, 
                        2
                    ], 
                    [
                        1, 
                        1
                    ], 
                    [
                        1, 
                        0
                    ], 
                    null
                ], 
                [
                    [
                        0, 
                        2
                    ], 
                    [
                        0, 
                        1
                    ], 
                    [
                        0, 
                        0
                    ], 
                    null, 
                    null
                ]
            ]
        }, 
        {
            "dot-paren-full": "......((((((((((((((((((..................+))))))))))))))))))", 
            "dot-paren": ".((...+))", 
            "strands": [
                "BS", 
                "SP"
            ], 
            "name": "C2", 
            "structure": [
                [
                    null, 
                    [
                        1, 
                        1
                    ], 
                    [
                        1, 
                        0
                    ], 
                    null, 
                    null, 
                    null
                ], 
                [
                    [
                        0, 
                        2
                    ], 
                    [
                        0, 
                        1
                    ]
                ]
            ]
        }
    ], 
    "resting_states": [
        {
            "complexes": [
                "C2"
            ], 
            "name": "C2"
        }, 
        {
            "complexes": [
                "C1"
            ], 
            "name": "C1"
        }, 
        {
            "complexes": [
                "Cat"
            ], 
            "name": "Cat"
        }, 
        {
            "complexes": [
                "4201"
            ], 
            "name": "4201"
        }, 
        {
            "complexes": [
                "4202"
            ], 
            "name": "4202"
        }, 
        {
            "complexes": [
                "4222"
            ], 
            "name": "4222"
        }, 
        {
            "complexes": [
                "4217"
            ], 
            "name": "4217"
        }
    ], 
    "domains": [
        {
            "length": 12, 
            "name": "6*", 
            "is_complement": true
        }, 
        {
            "length": 12, 
            "name": "6", 
            "is_complement": false
        }, 
        {
            "length": 6, 
            "name": "7*", 
            "is_complement": true
        }, 
        {
            "length": 6, 
            "name": "1", 
            "is_complement": false
        }, 
        {
            "length": 6, 
            "name": "3*", 
            "is_complement": true
        }, 
        {
            "length": 6, 
            "name": "3", 
            "is_complement": false
        }, 
        {
            "length": 6, 
            "name": "2", 
            "is_complement": false
        }, 
        {
            "length": 12, 
            "name": "4*", 
            "is_complement": true
        }, 
        {
            "length": 12, 
            "name": "4", 
            "is_complement": false
        }, 
        {
            "length": 6, 
            "name": "7", 
            "is_complement": false
        }, 
        {
            "length": 6, 
            "name": "5*", 
            "is_complement": true
        }, 
        {
            "length": 6, 
            "name": "5", 
            "is_complement": false
        }, 
        {
            "length": 6, 
            "name": "1*", 
            "is_complement": true
        }, 
        {
            "length": 6, 
            "name": "2*", 
            "is_complement": true
        }
    ], 
    "transient_complexes": [
        {
            "dot-paren-full": "((((((((((((((((((((((((..................+))))))))))))))))))+............))))))", 
            "dot-paren": "(((...+))+.)", 
            "strands": [
                "BS", 
                "SP", 
                "Cat"
            ], 
            "name": "4195", 
            "structure": [
                [
                    [
                        2, 
                        1
                    ], 
                    [
                        1, 
                        1
                    ], 
                    [
                        1, 
                        0
                    ], 
                    null, 
                    null, 
                    null
                ], 
                [
                    [
                        0, 
                        2
                    ], 
                    [
                        0, 
                        1
                    ]
                ], 
                [
                    null, 
                    [
                        0, 
                        0
                    ]
                ]
            ]
        }, 
        {
            "dot-paren-full": "((((((((((((((((((((((((..................+))))))............+))))))))))))))))))", 
            "dot-paren": "(((...+).+))", 
            "strands": [
                "BS", 
                "SP", 
                "Cat"
            ], 
            "name": "4199", 
            "structure": [
                [
                    [
                        2, 
                        1
                    ], 
                    [
                        2, 
                        0
                    ], 
                    [
                        1, 
                        0
                    ], 
                    null, 
                    null, 
                    null
                ], 
                [
                    [
                        0, 
                        2
                    ], 
                    null
                ], 
                [
                    [
                        0, 
                        1
                    ], 
                    [
                        0, 
                        0
                    ]
                ]
            ]
        }, 
        {
            "dot-paren-full": "......((((((((((((((((((..................+((((((((((((((((((............+))))))))))))))))))))))))))))))))))))", 
            "dot-paren": ".((...+(((.+)))))", 
            "strands": [
                "BS", 
                "OP", 
                "PS"
            ], 
            "name": "4226", 
            "structure": [
                [
                    null, 
                    [
                        2, 
                        4
                    ], 
                    [
                        2, 
                        3
                    ], 
                    null, 
                    null, 
                    null
                ], 
                [
                    [
                        2, 
                        2
                    ], 
                    [
                        2, 
                        1
                    ], 
                    [
                        2, 
                        0
                    ], 
                    null
                ], 
                [
                    [
                        1, 
                        2
                    ], 
                    [
                        1, 
                        1
                    ], 
                    [
                        1, 
                        0
                    ], 
                    [
                        0, 
                        2
                    ], 
                    [
                        0, 
                        1
                    ]
                ]
            ]
        }, 
        {
            "dot-paren-full": "((((((((((((((((((((((((..................+((((((((((((((((((............+))))))))))))))))))))))))))))))))))))+............))))))", 
            "dot-paren": "(((...+(((.+)))))+.)", 
            "strands": [
                "BS", 
                "OP", 
                "PS", 
                "Cat"
            ], 
            "name": "4218", 
            "structure": [
                [
                    [
                        3, 
                        1
                    ], 
                    [
                        2, 
                        4
                    ], 
                    [
                        2, 
                        3
                    ], 
                    null, 
                    null, 
                    null
                ], 
                [
                    [
                        2, 
                        2
                    ], 
                    [
                        2, 
                        1
                    ], 
                    [
                        2, 
                        0
                    ], 
                    null
                ], 
                [
                    [
                        1, 
                        2
                    ], 
                    [
                        1, 
                        1
                    ], 
                    [
                        1, 
                        0
                    ], 
                    [
                        0, 
                        2
                    ], 
                    [
                        0, 
                        1
                    ]
                ], 
                [
                    null, 
                    [
                        0, 
                        0
                    ]
                ]
            ]
        }, 
        {
            "dot-paren-full": "((((((((((((((((((((((((..................+((((((((((((((((((............+))))))))))))))))))))))))............+))))))))))))))))))", 
            "dot-paren": "(((...+(((.+)))).+))", 
            "strands": [
                "BS", 
                "OP", 
                "PS", 
                "Cat"
            ], 
            "name": "4207", 
            "structure": [
                [
                    [
                        3, 
                        1
                    ], 
                    [
                        3, 
                        0
                    ], 
                    [
                        2, 
                        3
                    ], 
                    null, 
                    null, 
                    null
                ], 
                [
                    [
                        2, 
                        2
                    ], 
                    [
                        2, 
                        1
                    ], 
                    [
                        2, 
                        0
                    ], 
                    null
                ], 
                [
                    [
                        1, 
                        2
                    ], 
                    [
                        1, 
                        1
                    ], 
                    [
                        1, 
                        0
                    ], 
                    [
                        0, 
                        2
                    ], 
                    null
                ], 
                [
                    [
                        0, 
                        1
                    ], 
                    [
                        0, 
                        0
                    ]
                ]
            ]
        }, 
        {
            "dot-paren-full": "((((((((((((((((((((((((((((((((((((((((((+))))))))))))))))))))))))))))))))))))+............))))))", 
            "dot-paren": "((((((+)))))+.)", 
            "strands": [
                "BS", 
                "PS", 
                "Cat"
            ], 
            "name": "4219", 
            "structure": [
                [
                    [
                        2, 
                        1
                    ], 
                    [
                        1, 
                        4
                    ], 
                    [
                        1, 
                        3
                    ], 
                    [
                        1, 
                        2
                    ], 
                    [
                        1, 
                        1
                    ], 
                    [
                        1, 
                        0
                    ]
                ], 
                [
                    [
                        0, 
                        5
                    ], 
                    [
                        0, 
                        4
                    ], 
                    [
                        0, 
                        3
                    ], 
                    [
                        0, 
                        2
                    ], 
                    [
                        0, 
                        1
                    ]
                ], 
                [
                    null, 
                    [
                        0, 
                        0
                    ]
                ]
            ]
        }, 
        {
            "dot-paren-full": "((((((((((((((((((((((((((((((((((((((((((+))))))))))))))))))))))))............+))))))))))))))))))", 
            "dot-paren": "((((((+)))).+))", 
            "strands": [
                "BS", 
                "PS", 
                "Cat"
            ], 
            "name": "4216", 
            "structure": [
                [
                    [
                        2, 
                        1
                    ], 
                    [
                        2, 
                        0
                    ], 
                    [
                        1, 
                        3
                    ], 
                    [
                        1, 
                        2
                    ], 
                    [
                        1, 
                        1
                    ], 
                    [
                        1, 
                        0
                    ]
                ], 
                [
                    [
                        0, 
                        5
                    ], 
                    [
                        0, 
                        4
                    ], 
                    [
                        0, 
                        3
                    ], 
                    [
                        0, 
                        2
                    ], 
                    null
                ], 
                [
                    [
                        0, 
                        1
                    ], 
                    [
                        0, 
                        0
                    ]
                ]
            ]
        }
    ]
}